ARM Linker, 5.03 [Build 24] [MDK-ARM Professional]

==============================================================================

Section Cross References

    startup_stm32f10x_hd.o(RESET) refers to startup_stm32f10x_hd.o(STACK) for __initial_sp
    startup_stm32f10x_hd.o(RESET) refers to startup_stm32f10x_hd.o(.text) for Reset_Handler
    startup_stm32f10x_hd.o(RESET) refers to stm32f10x_it.o(i.NMI_Handler) for NMI_Handler
    startup_stm32f10x_hd.o(RESET) refers to stm32f10x_it.o(i.HardFault_Handler) for HardFault_Handler
    startup_stm32f10x_hd.o(RESET) refers to stm32f10x_it.o(i.MemManage_Handler) for MemManage_Handler
    startup_stm32f10x_hd.o(RESET) refers to stm32f10x_it.o(i.BusFault_Handler) for BusFault_Handler
    startup_stm32f10x_hd.o(RESET) refers to stm32f10x_it.o(i.UsageFault_Handler) for UsageFault_Handler
    startup_stm32f10x_hd.o(RESET) refers to stm32f10x_it.o(i.SVC_Handler) for SVC_Handler
    startup_stm32f10x_hd.o(RESET) refers to stm32f10x_it.o(i.DebugMon_Handler) for DebugMon_Handler
    startup_stm32f10x_hd.o(RESET) refers to stm32f10x_it.o(i.PendSV_Handler) for PendSV_Handler
    startup_stm32f10x_hd.o(RESET) refers to stm32f10x_it.o(i.SysTick_Handler) for SysTick_Handler
    startup_stm32f10x_hd.o(RESET) refers to dwgl_exti.o(i.EXTI1_IRQHandler) for EXTI1_IRQHandler
    startup_stm32f10x_hd.o(RESET) refers to stm32f10x_it.o(i.EXTI4_IRQHandler) for EXTI4_IRQHandler
    startup_stm32f10x_hd.o(RESET) refers to dwgl_dma.o(i.DMA1_Channel1_IRQHandler) for DMA1_Channel1_IRQHandler
    startup_stm32f10x_hd.o(RESET) refers to dwgl_dma.o(i.DMA1_Channel2_IRQHandler) for DMA1_Channel2_IRQHandler
    startup_stm32f10x_hd.o(RESET) refers to dwgl_adc.o(i.ADC1_2_IRQHandler) for ADC1_2_IRQHandler
    startup_stm32f10x_hd.o(RESET) refers to dwgl_tim.o(i.TIM2_IRQHandler) for TIM2_IRQHandler
    startup_stm32f10x_hd.o(RESET) refers to dwgl_tim.o(i.TIM3_IRQHandler) for TIM3_IRQHandler
    startup_stm32f10x_hd.o(RESET) refers to dwgl_spi.o(i.SPI1_IRQHandler) for SPI1_IRQHandler
    startup_stm32f10x_hd.o(RESET) refers to dwgl_spi.o(i.SPI2_IRQHandler) for SPI2_IRQHandler
    startup_stm32f10x_hd.o(RESET) refers to dwgl_sci.o(i.USART1_IRQHandler) for USART1_IRQHandler
    startup_stm32f10x_hd.o(RESET) refers to dwgl_sci.o(i.USART2_IRQHandler) for USART2_IRQHandler
    startup_stm32f10x_hd.o(RESET) refers to dwgl_sci.o(i.USART3_IRQHandler) for USART3_IRQHandler
    startup_stm32f10x_hd.o(RESET) refers to dwgl_exti.o(i.EXTI15_10_IRQHandler) for EXTI15_10_IRQHandler
    startup_stm32f10x_hd.o(.text) refers to system_stm32f10x.o(i.SystemInit) for SystemInit
    startup_stm32f10x_hd.o(.text) refers to entry.o(.ARM.Collect$$$$00000000) for __main
    system_stm32f10x.o(i.SetSysClock) refers to system_stm32f10x.o(i.SetSysClockTo72) for SetSysClockTo72
    system_stm32f10x.o(i.SystemCoreClockUpdate) refers to system_stm32f10x.o(.data) for SystemCoreClock
    system_stm32f10x.o(i.SystemInit) refers to system_stm32f10x.o(i.SetSysClock) for SetSysClock
    stm32f10x_adc.o(i.ADC_DeInit) refers to stm32f10x_rcc.o(i.RCC_APB2PeriphResetCmd) for RCC_APB2PeriphResetCmd
    stm32f10x_bkp.o(i.BKP_DeInit) refers to stm32f10x_rcc.o(i.RCC_BackupResetCmd) for RCC_BackupResetCmd
    stm32f10x_can.o(i.CAN_DeInit) refers to stm32f10x_rcc.o(i.RCC_APB1PeriphResetCmd) for RCC_APB1PeriphResetCmd
    stm32f10x_can.o(i.CAN_GetITStatus) refers to stm32f10x_can.o(i.CheckITStatus) for CheckITStatus
    stm32f10x_cec.o(i.CEC_DeInit) refers to stm32f10x_rcc.o(i.RCC_APB1PeriphResetCmd) for RCC_APB1PeriphResetCmd
    stm32f10x_dac.o(i.DAC_DeInit) refers to stm32f10x_rcc.o(i.RCC_APB1PeriphResetCmd) for RCC_APB1PeriphResetCmd
    stm32f10x_flash.o(i.FLASH_EnableWriteProtection) refers to stm32f10x_flash.o(i.FLASH_WaitForLastOperation) for FLASH_WaitForLastOperation
    stm32f10x_flash.o(i.FLASH_EraseAllBank1Pages) refers to stm32f10x_flash.o(i.FLASH_WaitForLastBank1Operation) for FLASH_WaitForLastBank1Operation
    stm32f10x_flash.o(i.FLASH_EraseAllPages) refers to stm32f10x_flash.o(i.FLASH_WaitForLastOperation) for FLASH_WaitForLastOperation
    stm32f10x_flash.o(i.FLASH_EraseOptionBytes) refers to stm32f10x_flash.o(i.FLASH_GetReadOutProtectionStatus) for FLASH_GetReadOutProtectionStatus
    stm32f10x_flash.o(i.FLASH_EraseOptionBytes) refers to stm32f10x_flash.o(i.FLASH_WaitForLastOperation) for FLASH_WaitForLastOperation
    stm32f10x_flash.o(i.FLASH_ErasePage) refers to stm32f10x_flash.o(i.FLASH_WaitForLastOperation) for FLASH_WaitForLastOperation
    stm32f10x_flash.o(i.FLASH_ProgramHalfWord) refers to stm32f10x_flash.o(i.FLASH_WaitForLastOperation) for FLASH_WaitForLastOperation
    stm32f10x_flash.o(i.FLASH_ProgramOptionByteData) refers to stm32f10x_flash.o(i.FLASH_WaitForLastOperation) for FLASH_WaitForLastOperation
    stm32f10x_flash.o(i.FLASH_ProgramWord) refers to stm32f10x_flash.o(i.FLASH_WaitForLastOperation) for FLASH_WaitForLastOperation
[...]
    ..\..\Libraries\FWlib\src\stm32f10x_spi.c 0x00000000   Number         0  stm32f10x_spi.o ABSOLUTE
    ..\..\Libraries\FWlib\src\stm32f10x_tim.c 0x00000000   Number         0  stm32f10x_tim.o ABSOLUTE
    ..\..\Libraries\FWlib\src\stm32f10x_usart.c 0x00000000   Number         0  stm32f10x_usart.o ABSOLUTE
    ..\..\Libraries\FWlib\src\stm32f10x_wwdg.c 0x00000000   Number         0  stm32f10x_wwdg.o ABSOLUTE
    ..\..\User\AsciiLib_65k.c                0x00000000   Number         0  asciilib_65k.o ABSOLUTE
    ..\..\User\SysTick\bsp_SysTick.c         0x00000000   Number         0  bsp_systick.o ABSOLUTE
    ..\..\User\dwgl_adc.c                    0x00000000   Number         0  dwgl_adc.o ABSOLUTE
    ..\..\User\dwgl_chipflash.c              0x00000000   Number         0  dwgl_chipflash.o ABSOLUTE
    ..\..\User\dwgl_dac.c                    0x00000000   Number         0  dwgl_dac.o ABSOLUTE
    ..\..\User\dwgl_dma.c                    0x00000000   Number         0  dwgl_dma.o ABSOLUTE
    ..\..\User\dwgl_exti.c                   0x00000000   Number         0  dwgl_exti.o ABSOLUTE
    ..\..\User\dwgl_function.c               0x00000000   Number         0  dwgl_function.o ABSOLUTE
    ..\..\User\dwgl_global.c                 0x00000000   Number         0  dwgl_global.o ABSOLUTE
    ..\..\User\dwgl_sci.c                    0x00000000   Number         0  dwgl_sci.o ABSOLUTE
    ..\..\User\dwgl_spi.c                    0x00000000   Number         0  dwgl_spi.o ABSOLUTE
    ..\..\User\dwgl_tft.c                    0x00000000   Number         0  dwgl_tft.o ABSOLUTE
    ..\..\User\dwgl_tim.c                    0x00000000   Number         0  dwgl_tim.o ABSOLUTE
    ..\..\User\icon\gImage10_16_288_1bitC.c  0x00000000   Number         0  gimage10_16_288_1bitc.o ABSOLUTE
    ..\..\User\icon\gImage12_128_128_1bitC.c 0x00000000   Number         0  gimage12_128_128_1bitc.o ABSOLUTE
    ..\..\User\lcd\dwgl_WB_LCD.c             0x00000000   Number         0  dwgl_wb_lcd.o ABSOLUTE
    ..\..\User\led\bsp_led.c                 0x00000000   Number         0  bsp_led.o ABSOLUTE
    ..\..\User\main.c                        0x00000000   Number         0  main.o ABSOLUTE
    ..\..\User\spi_flash\PM25LQ512FLASH.c    0x00000000   Number         0  pm25lq512flash.o ABSOLUTE
    ..\..\User\stm32f10x_it.c                0x00000000   Number         0  stm32f10x_it.o ABSOLUTE
    ..\..\User\touch\bsp_gpio_spi.c          0x00000000   Number         0  bsp_gpio_spi.o ABSOLUTE
    ..\..\User\wdg.c                         0x00000000   Number         0  wdg.o ABSOLUTE
    ..\\..\\Libraries\\CMSIS\\core_cm3.c     0x00000000   Number         0  core_cm3.o ABSOLUTE
    ..\\..\\User\\dwgl_chipflash.c           0x00000000   Number         0  dwgl_chipflash.o ABSOLUTE
    dc.s                                     0x00000000   Number         0  dc.o ABSOLUTE
    handlers.s                               0x00000000   Number         0  handlers.o ABSOLUTE
    init.s                                   0x00000000   Number         0  init.o ABSOLUTE
    RESET                                    0x08000000   Section      304  startup_stm32f10x_hd.o(RESET)
    .ARM.Collect$$$$00000000                 0x08000130   Section        0  entry.o(.ARM.Collect$$$$00000000)
    .ARM.Collect$$$$00000001                 0x08000130   Section        4  entry2.o(.ARM.Collect$$$$00000001)
    .ARM.Collect$$$$00000004                 0x08000134   Section        4  entry5.o(.ARM.Collect$$$$00000004)
    .ARM.Collect$$$$00000008                 0x08000138   Section        0  entry7b.o(.ARM.Collect$$$$00000008)
    .ARM.Collect$$$$0000000A                 0x08000138   Section        0  entry8b.o(.ARM.Collect$$$$0000000A)
    .ARM.Collect$$$$0000000B                 0x08000138   Section        8  entry9a.o(.ARM.Collect$$$$0000000B)
    .ARM.Collect$$$$0000000D                 0x08000140   Section        0  entry10a.o(.ARM.Collect$$$$0000000D)
    .ARM.Collect$$$$0000000F                 0x08000140   Section        0  entry11a.o(.ARM.Collect$$$$0000000F)
    .ARM.Collect$$$$00002712                 0x08000140   Section        4  entry2.o(.ARM.Collect$$$$00002712)
    __lit__00000000                          0x08000140   Data           4  entry2.o(.ARM.Collect$$$$00002712)
    .emb_text                                0x08000144   Section        6  dwgl_chipflash.o(.emb_text)
    .text                                    0x0800014c   Section       36  startup_stm32f10x_hd.o(.text)
    .text                                    0x08000170   Section       36  init.o(.text)
    .text                                    0x08000194   Section        0  __dczerorl2.o(.text)
    i.ADC1_2_IRQHandler                      0x080001f0   Section        0  dwgl_adc.o(i.ADC1_2_IRQHandler)
    i.ADC1_Init                              0x080002f4   Section        0  dwgl_adc.o(i.ADC1_Init)
    i.ADC_ClearITPendingBit                  0x080003b4   Section        0  stm32f10x_adc.o(i.ADC_ClearITPendingBit)
    i.ADC_Cmd                                0x080003be   Section        0  stm32f10x_adc.o(i.ADC_Cmd)
    i.ADC_Configuration                      0x080003d4   Section        0  dwgl_adc.o(i.ADC_Configuration)
    i.ADC_DeInit                             0x08000400   Section        0  stm32f10x_adc.o(i.ADC_DeInit)
    i.ADC_GetCalibrationStatus               0x0800045c   Section        0  stm32f10x_adc.o(i.ADC_GetCalibrationStatus)
    i.ADC_GetConversionValue                 0x08000470   Section        0  stm32f10x_adc.o(i.ADC_GetConversionValue)
    i.ADC_GetITStatus                        0x08000478   Section        0  stm32f10x_adc.o(i.ADC_GetITStatus)
    i.ADC_GetResetCalibrationStatus          0x0800049c   Section        0  stm32f10x_adc.o(i.ADC_GetResetCalibrationStatus)
    i.ADC_ITConfig                           0x080004b0   Section        0  stm32f10x_adc.o(i.ADC_ITConfig)
    i.ADC_Init                               0x080004c8   Section        0  stm32f10x_adc.o(i.ADC_Init)
    i.ADC_RegularChannelConfig               0x08000518   Section        0  stm32f10x_adc.o(i.ADC_RegularChannelConfig)
    i.ADC_ResetCalibration                   0x080005d0   Section        0  stm32f10x_adc.o(i.ADC_ResetCalibration)
    i.ADC_SoftwareStartConvCmd               0x080005da   Section        0  stm32f10x_adc.o(i.ADC_SoftwareStartConvCmd)
    i.ADC_StartCalibration                   0x080005f0   Section        0  stm32f10x_adc.o(i.ADC_StartCalibration)
    i.BusFault_Handler                       0x080005fa   Section        0  stm32f10x_it.o(i.BusFault_Handler)
    i.CHIP_PRO                               0x080005fc   Section        0  dwgl_chipflash.o(i.CHIP_PRO)
    i.ChargeCtrl_B                           0x080008a8   Section        0  dwgl_function.o(i.ChargeCtrl_B)
    i.ChargeCtrl_C                           0x0800099c   Section        0  dwgl_function.o(i.ChargeCtrl_C)
    i.Check_CHIP_PRO                         0x08000a8c   Section        0  dwgl_chipflash.o(i.Check_CHIP_PRO)
    i.DMA1_Channel1_IRQHandler               0x08000cd4   Section        0  dwgl_dma.o(i.DMA1_Channel1_IRQHandler)
    i.DMA1_Channel2_IRQHandler               0x08000d14   Section        0  dwgl_dma.o(i.DMA1_Channel2_IRQHandler)
    i.DMA1_Channel2_Init                     0x08000d38   Section        0  dwgl_dma.o(i.DMA1_Channel2_Init)
    i.DMA_ClearFlag                          0x08000d94   Section        0  stm32f10x_dma.o(i.DMA_ClearFlag)
    i.DMA_Cmd                                0x08000db0   Section        0  stm32f10x_dma.o(i.DMA_Cmd)
    i.DMA_Configuration                      0x08000dc8   Section        0  dwgl_dma.o(i.DMA_Configuration)
    i.DMA_DeInit                             0x08000dd8   Section        0  stm32f10x_dma.o(i.DMA_DeInit)
    i.DMA_Init                               0x08000f24   Section        0  stm32f10x_dma.o(i.DMA_Init)
    i.DebugMon_Handler                       0x08000f60   Section        0  stm32f10x_it.o(i.DebugMon_Handler)
    i.Delay_10ms                             0x08000f62   Section        0  dwgl_wb_lcd.o(i.Delay_10ms)
    i.Delay_us                               0x08000f84   Section        0  bsp_systick.o(i.Delay_us)
    i.Device_Rst                             0x08000fac   Section        0  dwgl_function.o(i.Device_Rst)
    i.DisplayADC_BL                          0x08000fb0   Section        0  dwgl_function.o(i.DisplayADC_BL)
    i.DisplayPROT_EWM                        0x0800106c   Section        0  dwgl_tft.o(i.DisplayPROT_EWM)
    i.Dport_ChargeOFF                        0x08001150   Section        0  dwgl_function.o(i.Dport_ChargeOFF)
    i.Dport_ChargeON                         0x080011b0   Section        0  dwgl_function.o(i.Dport_ChargeON)
    i.Dport_ChargeStateB                     0x08001210   Section        0  dwgl_function.o(i.Dport_ChargeStateB)
    i.Dport_ChargeStateC                     0x08001550   Section        0  dwgl_function.o(i.Dport_ChargeStateC)
    i.EXTI15_10_IRQHandler                   0x08001894   Section        0  dwgl_exti.o(i.EXTI15_10_IRQHandler)
    i.EXTI1_IRQHandler                       0x080018dc   Section        0  dwgl_exti.o(i.EXTI1_IRQHandler)
    i.EXTI4_IRQHandler                       0x08001920   Section        0  stm32f10x_it.o(i.EXTI4_IRQHandler)
    i.EXTI_ClearITPendingBit                 0x0800193c   Section        0  stm32f10x_exti.o(i.EXTI_ClearITPendingBit)
    i.EXTI_GetITStatus                       0x08001948   Section        0  stm32f10x_exti.o(i.EXTI_GetITStatus)
    i.FLASH2_CSSelect                        0x08001970   Section        0  pm25lq512flash.o(i.FLASH2_CSSelect)
    i.FLASH2_GPIOSPI_IsBusy                  0x08001990   Section        0  dwgl_spi.o(i.FLASH2_GPIOSPI_IsBusy)
    i.FLASH2_GPIOSPI_Read                    0x08001a18   Section        0  dwgl_spi.o(i.FLASH2_GPIOSPI_Read)
    i.FLASH2_GPIOSPI_SE                      0x08001af8   Section        0  dwgl_spi.o(i.FLASH2_GPIOSPI_SE)
    i.FLASH2_GPIOSPI_SER                     0x08001bb0   Section        0  dwgl_spi.o(i.FLASH2_GPIOSPI_SER)
    i.FLASH2_GPIOSPI_Write                   0x08001c68   Section        0  dwgl_spi.o(i.FLASH2_GPIOSPI_Write)
    i.FLASH_ClearFlag                        0x08001d34   Section        0  stm32f10x_flash.o(i.FLASH_ClearFlag)
    i.FLASH_ErasePage                        0x08001d40   Section        0  stm32f10x_flash.o(i.FLASH_ErasePage)
    i.FLASH_GetBank1Status                   0x08001d8c   Section        0  stm32f10x_flash.o(i.FLASH_GetBank1Status)
    i.FLASH_Lock                             0x08001dc0   Section        0  stm32f10x_flash.o(i.FLASH_Lock)
    i.FLASH_ProgramHalfWord                  0x08001dd4   Section        0  stm32f10x_flash.o(i.FLASH_ProgramHalfWord)
    i.FLASH_Unlock                           0x08001e14   Section        0  stm32f10x_flash.o(i.FLASH_Unlock)
    i.FLASH_WaitForLastOperation             0x08001e2c   Section        0  stm32f10x_flash.o(i.FLASH_WaitForLastOperation)
    i.FSMC_LCDInit                           0x08001e52   Section        0  dwgl_wb_lcd.o(i.FSMC_LCDInit)
    i.FSMC_NORSRAMCmd                        0x08001ed4   Section        0  stm32f10x_fsmc.o(i.FSMC_NORSRAMCmd)
    i.FSMC_NORSRAMInit                       0x08001f08   Section        0  stm32f10x_fsmc.o(i.FSMC_NORSRAMInit)
    i.FiletoBuffer_ID                        0x08001fe8   Section        0  dwgl_function.o(i.FiletoBuffer_ID)
    i.Frame_check_cmd1                       0x080020bc   Section        0  dwgl_function.o(i.Frame_check_cmd1)
    i.GPIO_Init                              0x08002118   Section        0  stm32f10x_gpio.o(i.GPIO_Init)
    i.GPIO_NegationBits                      0x0800222a   Section        0  bsp_led.o(i.GPIO_NegationBits)
    i.GPIO_PinRemapConfig                    0x08002234   Section        0  stm32f10x_gpio.o(i.GPIO_PinRemapConfig)
    i.GPIO_ReadInputDataBit                  0x080022c4   Section        0  stm32f10x_gpio.o(i.GPIO_ReadInputDataBit)
    i.GPIO_ResetBits                         0x080022d6   Section        0  stm32f10x_gpio.o(i.GPIO_ResetBits)
    i.GPIO_SetBits                           0x080022da   Section        0  stm32f10x_gpio.o(i.GPIO_SetBits)
    i.Get_ADC_BaseLine                       0x080022e0   Section        0  dwgl_function.o(i.Get_ADC_BaseLine)
    i.Get_PRO_State                          0x08002308   Section        0  dwgl_chipflash.o(i.Get_PRO_State)
    i.Goto_APP                               0x0800249c   Section        0  dwgl_chipflash.o(i.Goto_APP)
    i.HardFault_Handler                      0x0800251c   Section        0  stm32f10x_it.o(i.HardFault_Handler)
    i.IWDG_Enable                            0x08002520   Section        0  stm32f10x_iwdg.o(i.IWDG_Enable)
    i.IWDG_Init                              0x08002530   Section        0  wdg.o(i.IWDG_Init)
    i.IWDG_ReloadCounter                     0x08002554   Section        0  stm32f10x_iwdg.o(i.IWDG_ReloadCounter)
    i.IWDG_SetPrescaler                      0x08002564   Section        0  stm32f10x_iwdg.o(i.IWDG_SetPrescaler)
    i.IWDG_SetReload                         0x08002570   Section        0  stm32f10x_iwdg.o(i.IWDG_SetReload)
    i.IWDG_WriteAccessCmd                    0x0800257c   Section        0  stm32f10x_iwdg.o(i.IWDG_WriteAccessCmd)
    i.LCD_Clear                              0x08002588   Section        0  dwgl_wb_lcd.o(i.LCD_Clear)
    i.LCD_Fill                               0x080025c4   Section        0  dwgl_wb_lcd.o(i.LCD_Fill)
    i.LCD_IOConfig                           0x08002618   Section        0  dwgl_wb_lcd.o(i.LCD_IOConfig)
    i.LCD_Init                               0x08002668   Section        0  dwgl_wb_lcd.o(i.LCD_Init)
    i.LCD_Init1                              0x080029c4   Section        0  dwgl_wb_lcd.o(i.LCD_Init1)
    i.LCD_TEST                               0x08002d20   Section        0  dwgl_function.o(i.LCD_TEST)
    i.LCD_WindowMax                          0x08002ed0   Section        0  dwgl_wb_lcd.o(i.LCD_WindowMax)
    i.LCD_WriteRAM_Prepare                   0x08002f14   Section        0  dwgl_wb_lcd.o(i.LCD_WriteRAM_Prepare)
    i.LED_GPIO_Config                        0x08002f1c   Section        0  bsp_led.o(i.LED_GPIO_Config)
    i.MemManage_Handler                      0x0800304c   Section        0  stm32f10x_it.o(i.MemManage_Handler)
    i.NMI_Handler                            0x0800304e   Section        0  stm32f10x_it.o(i.NMI_Handler)
    i.NVIC_Configuration                     0x08003050   Section        0  dwgl_global.o(i.NVIC_Configuration)
    i.NVIC_Init                              0x080030cc   Section        0  misc.o(i.NVIC_Init)
    i.NVIC_SystemReset                       0x08003140   Section        0  dwgl_function.o(i.NVIC_SystemReset)
    NVIC_SystemReset                         0x08003141   Thumb Code    26  dwgl_function.o(i.NVIC_SystemReset)
    i.PendSV_Handler                         0x08003164   Section        0  stm32f10x_it.o(i.PendSV_Handler)
    i.RCC_ADCCLKConfig                       0x08003168   Section        0  stm32f10x_rcc.o(i.RCC_ADCCLKConfig)
    i.RCC_AHBPeriphClockCmd                  0x08003180   Section        0  stm32f10x_rcc.o(i.RCC_AHBPeriphClockCmd)
    i.RCC_APB1PeriphClockCmd                 0x080031a0   Section        0  stm32f10x_rcc.o(i.RCC_APB1PeriphClockCmd)
    i.RCC_APB1PeriphResetCmd                 0x080031c0   Section        0  stm32f10x_rcc.o(i.RCC_APB1PeriphResetCmd)
    i.RCC_APB2PeriphClockCmd                 0x080031e0   Section        0  stm32f10x_rcc.o(i.RCC_APB2PeriphClockCmd)
    i.RCC_APB2PeriphResetCmd                 0x08003200   Section        0  stm32f10x_rcc.o(i.RCC_APB2PeriphResetCmd)
    i.RCC_GetClocksFreq                      0x08003220   Section        0  stm32f10x_rcc.o(i.RCC_GetClocksFreq)
    i.RGB888_565                             0x080032f4   Section        0  dwgl_function.o(i.RGB888_565)
    i.SPI1_DMARecive                         0x080034f0   Section        0  dwgl_dma.o(i.SPI1_DMARecive)
    i.SPI1_IRQHandler                        0x08003528   Section        0  dwgl_spi.o(i.SPI1_IRQHandler)
    i.SPI1_Init                              0x08003598   Section        0  dwgl_spi.o(i.SPI1_Init)
    i.SPI2_IRQHandler                        0x0800363c   Section        0  dwgl_spi.o(i.SPI2_IRQHandler)
    i.SPI_Cmd                                0x0800363e   Section        0  stm32f10x_spi.o(i.SPI_Cmd)
    i.SPI_Configuration                      0x08003658   Section        0  dwgl_spi.o(i.SPI_Configuration)
    i.SPI_I2S_ClearITPendingBit              0x08003680   Section        0  stm32f10x_spi.o(i.SPI_I2S_ClearITPendingBit)
    i.SPI_I2S_DeInit                         0x08003694   Section        0  stm32f10x_spi.o(i.SPI_I2S_DeInit)
    i.SPI_I2S_GetFlagStatus                  0x080036ec   Section        0  stm32f10x_spi.o(i.SPI_I2S_GetFlagStatus)
    i.SPI_I2S_GetITStatus                    0x080036fe   Section        0  stm32f10x_spi.o(i.SPI_I2S_GetITStatus)
    i.SPI_Init                               0x08003732   Section        0  stm32f10x_spi.o(i.SPI_Init)
    i.SVC_Handler                            0x0800376e   Section        0  stm32f10x_it.o(i.SVC_Handler)
    i.SetSysClock                            0x08003770   Section        0  system_stm32f10x.o(i.SetSysClock)
    SetSysClock                              0x08003771   Thumb Code     8  system_stm32f10x.o(i.SetSysClock)
    i.SetSysClockTo72                        0x08003778   Section        0  system_stm32f10x.o(i.SetSysClockTo72)
    SetSysClockTo72                          0x08003779   Thumb Code   212  system_stm32f10x.o(i.SetSysClockTo72)
    i.SysTick_Handler                        0x08003854   Section        0  stm32f10x_it.o(i.SysTick_Handler)
    i.SysTick_Init                           0x080038a0   Section        0  bsp_systick.o(i.SysTick_Init)
    i.SystemInit                             0x08003914   Section        0  system_stm32f10x.o(i.SystemInit)
    i.TIM2_IRQHandler                        0x08003974   Section        0  dwgl_tim.o(i.TIM2_IRQHandler)
    i.TIM3_IRQHandler                        0x08003978   Section        0  dwgl_tim.o(i.TIM3_IRQHandler)
    i.TIM_ClearITPendingBit                  0x080039b8   Section        0  stm32f10x_tim.o(i.TIM_ClearITPendingBit)
    i.TIM_GetITStatus                        0x080039be   Section        0  stm32f10x_tim.o(i.TIM_GetITStatus)
    i.TimingDelay_Decrement                  0x080039e0   Section        0  bsp_systick.o(i.TimingDelay_Decrement)
    i.UART1_Init                             0x080039f8   Section        0  dwgl_sci.o(i.UART1_Init)
    i.UART1_Send_Data                        0x08003a84   Section        0  dwgl_sci.o(i.UART1_Send_Data)
    i.UART3_Init                             0x08003af0   Section        0  dwgl_sci.o(i.UART3_Init)
    i.UART3_Send_Data                        0x08003b8c   Section        0  dwgl_sci.o(i.UART3_Send_Data)
    i.UART_Configuration                     0x08003bb8   Section        0  dwgl_sci.o(i.UART_Configuration)
    i.USART1_IRQHandler                      0x08003bf0   Section        0  dwgl_sci.o(i.USART1_IRQHandler)
    i.USART2_IRQHandler                      0x08003c6c   Section        0  dwgl_sci.o(i.USART2_IRQHandler)
    i.USART3_IRQHandler                      0x08003ce0   Section        0  dwgl_sci.o(i.USART3_IRQHandler)
    i.USART_ClearITPendingBit                0x08003d50   Section        0  stm32f10x_usart.o(i.USART_ClearITPendingBit)
    i.USART_Cmd                              0x08003d6e   Section        0  stm32f10x_usart.o(i.USART_Cmd)
    i.USART_GetITStatus                      0x08003d86   Section        0  stm32f10x_usart.o(i.USART_GetITStatus)
    i.USART_ITConfig                         0x08003dda   Section        0  stm32f10x_usart.o(i.USART_ITConfig)
    i.USART_Init                             0x08003e24   Section        0  stm32f10x_usart.o(i.USART_Init)
    i.UsageFault_Handler                     0x08003efc   Section        0  stm32f10x_it.o(i.UsageFault_Handler)
    i.Version_display                        0x08003f00   Section        0  dwgl_function.o(i.Version_display)
    i.__scatterload_copy                     0x08003f6c   Section       14  handlers.o(i.__scatterload_copy)
    i.__scatterload_null                     0x08003f7a   Section        2  handlers.o(i.__scatterload_null)
    i.__scatterload_zeroinit                 0x08003f7c   Section       14  handlers.o(i.__scatterload_zeroinit)
    i.cmd3_Get_State                         0x08003f8c   Section        0  dwgl_function.o(i.cmd3_Get_State)
    i.cmd3_Set_State                         0x08004050   Section        0  dwgl_function.o(i.cmd3_Set_State)
    i.cmd3_ShakeHands                        0x08004218   Section        0  dwgl_function.o(i.cmd3_ShakeHands)
    i.cmd_CHIP_PRO                           0x080042d0   Section        0  dwgl_function.o(i.cmd_CHIP_PRO)
    i.cmd_Device_num                         0x0800461c   Section        0  dwgl_function.o(i.cmd_Device_num)
    i.cmd_Erase_Flash                        0x08004988   Section        0  dwgl_function.o(i.cmd_Erase_Flash)
    i.cmd_File_Erase                         0x0800498c   Section        0  dwgl_function.o(i.cmd_File_Erase)
    i.cmd_File_Recall                        0x08004c68   Section        0  dwgl_function.o(i.cmd_File_Recall)
    i.cmd_File_Requst                        0x080054b8   Section        0  dwgl_function.o(i.cmd_File_Requst)
    i.cmd_File_Tx                            0x080068e0   Section        0  dwgl_function.o(i.cmd_File_Tx)
    i.cmd_Get_ADC                            0x08006ba0   Section        0  dwgl_function.o(i.cmd_Get_ADC)
    i.cmd_Get_Version                        0x08006c10   Section        0  dwgl_function.o(i.cmd_Get_Version)
    i.cmd_Hub_Rst                            0x08007294   Section        0  dwgl_function.o(i.cmd_Hub_Rst)
    i.cmd_MediaCtrl                          0x08007554   Section        0  dwgl_function.o(i.cmd_MediaCtrl)
    i.cmd_PRO_Version                        0x080077b0   Section        0  dwgl_function.o(i.cmd_PRO_Version)
    i.cmd_RGB888_565                         0x080078c4   Section        0  dwgl_function.o(i.cmd_RGB888_565)
    i.cmd_RGB_clear                          0x08007d74   Section        0  dwgl_function.o(i.cmd_RGB_clear)
    i.cmd_Read_Flash                         0x08007e6c   Section        0  dwgl_function.o(i.cmd_Read_Flash)
    i.cmd_Save_ADC                           0x08007edc   Section        0  dwgl_function.o(i.cmd_Save_ADC)
    i.cmd_Set_Version                        0x08008088   Section        0  dwgl_function.o(i.cmd_Set_Version)
    i.cmd_ShakeHands                         0x080082d8   Section        0  dwgl_function.o(i.cmd_ShakeHands)
    i.cmd_Write_Flash                        0x080084b4   Section        0  dwgl_function.o(i.cmd_Write_Flash)
    i.delay_cycle                            0x080085b0   Section        0  pm25lq512flash.o(i.delay_cycle)
    i.display_flash_BMP                      0x080085c0   Section        0  dwgl_tft.o(i.display_flash_BMP)
    i.display_flash_BMPE                     0x08008890   Section        0  dwgl_tft.o(i.display_flash_BMPE)
    i.main                                   0x08008bc8   Section        0  main.o(i.main)
    i.tft_1bitdeep_TXT                       0x08009c78   Section        0  dwgl_tft.o(i.tft_1bitdeep_TXT)
    i.tft_Clear                              0x08009eb0   Section        0  dwgl_tft.o(i.tft_Clear)
    i.tft_DisplayStr                         0x08009ee8   Section        0  dwgl_tft.o(i.tft_DisplayStr)
    i.tft_ShowCharE                          0x08009f60   Section        0  dwgl_tft.o(i.tft_ShowCharE)
    i.tft_ShowHzE                            0x08009ff8   Section        0  dwgl_tft.o(i.tft_ShowHzE)
    i.tft_cs_disable                         0x0800a0c4   Section        0  dwgl_tft.o(i.tft_cs_disable)
    i.tft_cs_enable                          0x0800a0f0   Section        0  dwgl_tft.o(i.tft_cs_enable)
    i.uart1_cmd                              0x0800a11c   Section        0  main.o(i.uart1_cmd)
    i.uart3_cmd                              0x0800a3b0   Section        0  main.o(i.uart3_cmd)
    .constdata                               0x0800a4dc   Section     1521  asciilib_65k.o(.constdata)
    .data                                    0x20000000   Section       20  system_stm32f10x.o(.data)
    .data                                    0x20000014   Section       20  stm32f10x_rcc.o(.data)
    APBAHBPrescTable                         0x20000014   Data          16  stm32f10x_rcc.o(.data)
    ADCPrescTable                            0x20000024   Data           4  stm32f10x_rcc.o(.data)
    .data                                    0x20000028   Section        4  bsp_systick.o(.data)
    TimingDelay                              0x20000028   Data           4  bsp_systick.o(.data)
    .data                                    0x2000002c   Section      265  dwgl_global.o(.data)
    .data                                    0x20000138   Section       24  dwgl_adc.o(.data)
    .data                                    0x20000150   Section       24  dwgl_dma.o(.data)
    .data                                    0x20000168   Section       22  dwgl_tim.o(.data)
    .data                                    0x20000180   Section       16  dwgl_exti.o(.data)
    .data                                    0x20000190   Section       67  dwgl_sci.o(.data)
    .data                                    0x200001d4   Section        4  pm25lq512flash.o(.data)
    .data                                    0x200001d8   Section       39  dwgl_spi.o(.data)
    .data                                    0x20000200   Section       56  dwgl_tft.o(.data)
    .data                                    0x20000238   Section       12  dwgl_chipflash.o(.data)
    .bss                                     0x20000244   Section    10960  dwgl_global.o(.bss)
    STACK                                    0x20002d18   Section     1024  startup_stm32f10x_hd.o(STACK)

    Global Symbols

    Symbol Name                              Value     Ov Type        Size  Object(Section)

    BuildAttributes$$THM_ISAv4$P$D$K$B$S$PE$A:L22UL41UL21$X:L11$S22US41US21$IEEE1$IW$USESV6$~STKCKD$USESV7$~SHL$OSPACE$EBA8$MICROLIB$REQ8$PRES8$EABIv2 0x00000000   Number         0  anon$$obj.o ABSOLUTE
    __ARM_use_no_argv                        0x00000000   Number         0  main.o ABSOLUTE
    __cpp_initialize__aeabi_                  - Undefined Weak Reference
    __cxa_finalize                            - Undefined Weak Reference
    _clock_init                               - Undefined Weak Reference
    _microlib_exit                            - Undefined Weak Reference
    __Vectors_Size                           0x00000130   Number         0  startup_stm32f10x_hd.o ABSOLUTE
    __Vectors                                0x08000000   Data           4  startup_stm32f10x_hd.o(RESET)
    __Vectors_End                            0x08000130   Data           0  startup_stm32f10x_hd.o(RESET)
    __main                                   0x08000131   Thumb Code     0  entry.o(.ARM.Collect$$$$00000000)
    _main_stk                                0x08000131   Thumb Code     0  entry2.o(.ARM.Collect$$$$00000001)
    _main_scatterload                        0x08000135   Thumb Code     0  entry5.o(.ARM.Collect$$$$00000004)
    __main_after_scatterload                 0x08000139   Thumb Code     0  entry5.o(.ARM.Collect$$$$00000004)
    _main_clock                              0x08000139   Thumb Code     0  entry7b.o(.ARM.Collect$$$$00000008)
    _main_cpp_init                           0x08000139   Thumb Code     0  entry8b.o(.ARM.Collect$$$$0000000A)
    _main_init                               0x08000139   Thumb Code     0  entry9a.o(.ARM.Collect$$$$0000000B)
    __rt_final_cpp                           0x08000141   Thumb Code     0  entry10a.o(.ARM.Collect$$$$0000000D)
    __rt_final_exit                          0x08000141   Thumb Code     0  entry11a.o(.ARM.Collect$$$$0000000F)
    MSR_MSP                                  0x08000145   Thumb Code     6  dwgl_chipflash.o(.emb_text)
    Reset_Handler                            0x0800014d   Thumb Code     8  startup_stm32f10x_hd.o(.text)
    ADC3_IRQHandler                          0x08000167   Thumb Code     0  startup_stm32f10x_hd.o(.text)
    CAN1_RX1_IRQHandler                      0x08000167   Thumb Code     0  startup_stm32f10x_hd.o(.text)
    CAN1_SCE_IRQHandler                      0x08000167   Thumb Code     0  startup_stm32f10x_hd.o(.text)
    DMA1_Channel3_IRQHandler                 0x08000167   Thumb Code     0  startup_stm32f10x_hd.o(.text)
    DMA1_Channel4_IRQHandler                 0x08000167   Thumb Code     0  startup_stm32f10x_hd.o(.text)
    DMA1_Channel5_IRQHandler                 0x08000167   Thumb Code     0  startup_stm32f10x_hd.o(.text)
    DMA1_Channel6_IRQHandler                 0x08000167   Thumb Code     0  startup_stm32f10x_hd.o(.text)
    DMA1_Channel7_IRQHandler                 0x08000167   Thumb Code     0  startup_stm32f10x_hd.o(.text)
    DMA2_Channel1_IRQHandler                 0x08000167   Thumb Code     0  startup_stm32f10x_hd.o(.text)
    DMA2_Channel2_IRQHandler                 0x08000167   Thumb Code     0  startup_stm32f10x_hd.o(.text)
    DMA2_Channel3_IRQHandler                 0x08000167   Thumb Code     0  startup_stm32f10x_hd.o(.text)
    DMA2_Channel4_5_IRQHandler               0x08000167   Thumb Code     0  startup_stm32f10x_hd.o(.text)
    EXTI0_IRQHandler                         0x08000167   Thumb Code     0  startup_stm32f10x_hd.o(.text)
    EXTI2_IRQHandler                         0x08000167   Thumb Code     0  startup_stm32f10x_hd.o(.text)
    EXTI3_IRQHandler                         0x08000167   Thumb Code     0  startup_stm32f10x_hd.o(.text)
    EXTI9_5_IRQHandler                       0x08000167   Thumb Code     0  startup_stm32f10x_hd.o(.text)
    FLASH_IRQHandler                         0x08000167   Thumb Code     0  startup_stm32f10x_hd.o(.text)
    FSMC_IRQHandler                          0x08000167   Thumb Code     0  startup_stm32f10x_hd.o(.text)
    I2C1_ER_IRQHandler                       0x08000167   Thumb Code     0  startup_stm32f10x_hd.o(.text)
    I2C1_EV_IRQHandler                       0x08000167   Thumb Code     0  startup_stm32f10x_hd.o(.text)
    I2C2_ER_IRQHandler                       0x08000167   Thumb Code     0  startup_stm32f10x_hd.o(.text)
    I2C2_EV_IRQHandler                       0x08000167   Thumb Code     0  startup_stm32f10x_hd.o(.text)
    PVD_IRQHandler                           0x08000167   Thumb Code     0  startup_stm32f10x_hd.o(.text)
    RCC_IRQHandler                           0x08000167   Thumb Code     0  startup_stm32f10x_hd.o(.text)
    RTCAlarm_IRQHandler                      0x08000167   Thumb Code     0  startup_stm32f10x_hd.o(.text)
    RTC_IRQHandler                           0x08000167   Thumb Code     0  startup_stm32f10x_hd.o(.text)
    SDIO_IRQHandler                          0x08000167   Thumb Code     0  startup_stm32f10x_hd.o(.text)
    SPI3_IRQHandler                          0x08000167   Thumb Code     0  startup_stm32f10x_hd.o(.text)
    TAMPER_IRQHandler                        0x08000167   Thumb Code     0  startup_stm32f10x_hd.o(.text)
    TIM1_BRK_IRQHandler                      0x08000167   Thumb Code     0  startup_stm32f10x_hd.o(.text)
    TIM1_CC_IRQHandler                       0x08000167   Thumb Code     0  startup_stm32f10x_hd.o(.text)
    TIM1_TRG_COM_IRQHandler                  0x08000167   Thumb Code     0  startup_stm32f10x_hd.o(.text)
    TIM1_UP_IRQHandler                       0x08000167   Thumb Code     0  startup_stm32f10x_hd.o(.text)
    TIM4_IRQHandler                          0x08000167   Thumb Code     0  startup_stm32f10x_hd.o(.text)
    TIM5_IRQHandler                          0x08000167   Thumb Code     0  startup_stm32f10x_hd.o(.text)
    TIM6_IRQHandler                          0x08000167   Thumb Code     0  startup_stm32f10x_hd.o(.text)
    TIM7_IRQHandler                          0x08000167   Thumb Code     0  startup_stm32f10x_hd.o(.text)
    TIM8_BRK_IRQHandler                      0x08000167   Thumb Code     0  startup_stm32f10x_hd.o(.text)
    TIM8_CC_IRQHandler                       0x08000167   Thumb Code     0  startup_stm32f10x_hd.o(.text)
    TIM8_TRG_COM_IRQHandler                  0x08000167   Thumb Code     0  startup_stm32f10x_hd.o(.text)
    TIM8_UP_IRQHandler                       0x08000167   Thumb Code     0  startup_stm32f10x_hd.o(.text)
    UART4_IRQHandler                         0x08000167   Thumb Code     0  startup_stm32f10x_hd.o(.text)
    UART5_IRQHandler                         0x08000167   Thumb Code     0  startup_stm32f10x_hd.o(.text)
    USBWakeUp_IRQHandler                     0x08000167   Thumb Code     0  startup_stm32f10x_hd.o(.text)
    USB_HP_CAN1_TX_IRQHandler                0x08000167   Thumb Code     0  startup_stm32f10x_hd.o(.text)
    USB_LP_CAN1_RX0_IRQHandler               0x08000167   Thumb Code     0  startup_stm32f10x_hd.o(.text)
    WWDG_IRQHandler                          0x08000167   Thumb Code     0  startup_stm32f10x_hd.o(.text)
    __scatterload                            0x08000171   Thumb Code    28  init.o(.text)
    __scatterload_rt2                        0x08000171   Thumb Code     0  init.o(.text)
    __decompress                             0x08000195   Thumb Code     0  __dczerorl2.o(.text)
    __decompress1                            0x08000195   Thumb Code    92  __dczerorl2.o(.text)
    ADC1_2_IRQHandler                        0x080001f1   Thumb Code   222  dwgl_adc.o(i.ADC1_2_IRQHandler)
    ADC1_Init                                0x080002f5   Thumb Code   174  dwgl_adc.o(i.ADC1_Init)
    ADC_ClearITPendingBit                    0x080003b5   Thumb Code    10  stm32f10x_adc.o(i.ADC_ClearITPendingBit)
    ADC_Cmd                                  0x080003bf   Thumb Code    22  stm32f10x_adc.o(i.ADC_Cmd)
    ADC_Configuration                        0x080003d5   Thumb Code    28  dwgl_adc.o(i.ADC_Configuration)
    ADC_DeInit                               0x08000401   Thumb Code    78  stm32f10x_adc.o(i.ADC_DeInit)
    ADC_GetCalibrationStatus                 0x0800045d   Thumb Code    20  stm32f10x_adc.o(i.ADC_GetCalibrationStatus)
    ADC_GetConversionValue                   0x08000471   Thumb Code     8  stm32f10x_adc.o(i.ADC_GetConversionValue)
    ADC_GetITStatus                          0x08000479   Thumb Code    36  stm32f10x_adc.o(i.ADC_GetITStatus)
    ADC_GetResetCalibrationStatus            0x0800049d   Thumb Code    20  stm32f10x_adc.o(i.ADC_GetResetCalibrationStatus)
    ADC_ITConfig                             0x080004b1   Thumb Code    24  stm32f10x_adc.o(i.ADC_ITConfig)
    ADC_Init                                 0x080004c9   Thumb Code    70  stm32f10x_adc.o(i.ADC_Init)
    ADC_RegularChannelConfig                 0x08000519   Thumb Code   184  stm32f10x_adc.o(i.ADC_RegularChannelConfig)
    ADC_ResetCalibration                     0x080005d1   Thumb Code    10  stm32f10x_adc.o(i.ADC_ResetCalibration)
    ADC_SoftwareStartConvCmd                 0x080005db   Thumb Code    22  stm32f10x_adc.o(i.ADC_SoftwareStartConvCmd)
    ADC_StartCalibration                     0x080005f1   Thumb Code    10  stm32f10x_adc.o(i.ADC_StartCalibration)
    BusFault_Handler                         0x080005fb   Thumb Code     2  stm32f10x_it.o(i.BusFault_Handler)
    CHIP_PRO                                 0x080005fd   Thumb Code   666  dwgl_chipflash.o(i.CHIP_PRO)
    ChargeCtrl_B                             0x080008a9   Thumb Code   226  dwgl_function.o(i.ChargeCtrl_B)
    ChargeCtrl_C                             0x0800099d   Thumb Code   220  dwgl_function.o(i.ChargeCtrl_C)
    Check_CHIP_PRO                           0x08000a8d   Thumb Code   568  dwgl_chipflash.o(i.Check_CHIP_PRO)
    DMA1_Channel1_IRQHandler                 0x08000cd5   Thumb Code    48  dwgl_dma.o(i.DMA1_Channel1_IRQHandler)
    DMA1_Channel2_IRQHandler                 0x08000d15   Thumb Code    26  dwgl_dma.o(i.DMA1_Channel2_IRQHandler)
    DMA1_Channel2_Init                       0x08000d39   Thumb Code    82  dwgl_dma.o(i.DMA1_Channel2_Init)
    DMA_ClearFlag                            0x08000d95   Thumb Code    18  stm32f10x_dma.o(i.DMA_ClearFlag)
    DMA_Cmd                                  0x08000db1   Thumb Code    24  stm32f10x_dma.o(i.DMA_Cmd)
    DMA_Configuration                        0x08000dc9   Thumb Code    12  dwgl_dma.o(i.DMA_Configuration)
    DMA_DeInit                               0x08000dd9   Thumb Code   324  stm32f10x_dma.o(i.DMA_DeInit)
    DMA_Init                                 0x08000f25   Thumb Code    60  stm32f10x_dma.o(i.DMA_Init)
    DebugMon_Handler                         0x08000f61   Thumb Code     2  stm32f10x_it.o(i.DebugMon_Handler)
    Delay_10ms                               0x08000f63   Thumb Code    32  dwgl_wb_lcd.o(i.Delay_10ms)
    Delay_us                                 0x08000f85   Thumb Code    36  bsp_systick.o(i.Delay_us)
    Device_Rst                               0x08000fad   Thumb Code     4  dwgl_function.o(i.Device_Rst)
    DisplayADC_BL                            0x08000fb1   Thumb Code   184  dwgl_function.o(i.DisplayADC_BL)
    DisplayPROT_EWM                          0x0800106d   Thumb Code   224  dwgl_tft.o(i.DisplayPROT_EWM)
    Dport_ChargeOFF                          0x08001151   Thumb Code    86  dwgl_function.o(i.Dport_ChargeOFF)
    Dport_ChargeON                           0x080011b1   Thumb Code    86  dwgl_function.o(i.Dport_ChargeON)
    Dport_ChargeStateB                       0x08001211   Thumb Code   802  dwgl_function.o(i.Dport_ChargeStateB)
    Dport_ChargeStateC                       0x08001551   Thumb Code   806  dwgl_function.o(i.Dport_ChargeStateC)
    EXTI15_10_IRQHandler                     0x08001895   Thumb Code    62  dwgl_exti.o(i.EXTI15_10_IRQHandler)
    EXTI1_IRQHandler                         0x080018dd   Thumb Code    58  dwgl_exti.o(i.EXTI1_IRQHandler)
    EXTI4_IRQHandler                         0x08001921   Thumb Code    24  stm32f10x_it.o(i.EXTI4_IRQHandler)
    EXTI_ClearITPendingBit                   0x0800193d   Thumb Code     6  stm32f10x_exti.o(i.EXTI_ClearITPendingBit)
    EXTI_GetITStatus                         0x08001949   Thumb Code    34  stm32f10x_exti.o(i.EXTI_GetITStatus)
    FLASH2_CSSelect                          0x08001971   Thumb Code    28  pm25lq512flash.o(i.FLASH2_CSSelect)
    FLASH2_GPIOSPI_IsBusy                    0x08001991   Thumb Code   126  dwgl_spi.o(i.FLASH2_GPIOSPI_IsBusy)
    FLASH2_GPIOSPI_Read                      0x08001a19   Thumb Code   216  dwgl_spi.o(i.FLASH2_GPIOSPI_Read)
    FLASH2_GPIOSPI_SE                        0x08001af9   Thumb Code   178  dwgl_spi.o(i.FLASH2_GPIOSPI_SE)
    FLASH2_GPIOSPI_SER                       0x08001bb1   Thumb Code   178  dwgl_spi.o(i.FLASH2_GPIOSPI_SER)
    FLASH2_GPIOSPI_Write                     0x08001c69   Thumb Code   198  dwgl_spi.o(i.FLASH2_GPIOSPI_Write)
    FLASH_ClearFlag                          0x08001d35   Thumb Code     6  stm32f10x_flash.o(i.FLASH_ClearFlag)
    FLASH_ErasePage                          0x08001d41   Thumb Code    72  stm32f10x_flash.o(i.FLASH_ErasePage)
    FLASH_GetBank1Status                     0x08001d8d   Thumb Code    48  stm32f10x_flash.o(i.FLASH_GetBank1Status)
    FLASH_Lock                               0x08001dc1   Thumb Code    14  stm32f10x_flash.o(i.FLASH_Lock)
    FLASH_ProgramHalfWord                    0x08001dd5   Thumb Code    60  stm32f10x_flash.o(i.FLASH_ProgramHalfWord)
    FLASH_Unlock                             0x08001e15   Thumb Code    12  stm32f10x_flash.o(i.FLASH_Unlock)
    FLASH_WaitForLastOperation               0x08001e2d   Thumb Code    38  stm32f10x_flash.o(i.FLASH_WaitForLastOperation)
    FSMC_LCDInit                             0x08001e53   Thumb Code   130  dwgl_wb_lcd.o(i.FSMC_LCDInit)
    FSMC_NORSRAMCmd                          0x08001ed5   Thumb Code    46  stm32f10x_fsmc.o(i.FSMC_NORSRAMCmd)
    FSMC_NORSRAMInit                         0x08001f09   Thumb Code   224  stm32f10x_fsmc.o(i.FSMC_NORSRAMInit)
    FiletoBuffer_ID                          0x08001fe9   Thumb Code   208  dwgl_function.o(i.FiletoBuffer_ID)
    Frame_check_cmd1                         0x080020bd   Thumb Code    84  dwgl_function.o(i.Frame_check_cmd1)
    GPIO_Init                                0x08002119   Thumb Code   274  stm32f10x_gpio.o(i.GPIO_Init)
    GPIO_NegationBits                        0x0800222b   Thumb Code     8  bsp_led.o(i.GPIO_NegationBits)
    GPIO_PinRemapConfig                      0x08002235   Thumb Code   138  stm32f10x_gpio.o(i.GPIO_PinRemapConfig)
    GPIO_ReadInputDataBit                    0x080022c5   Thumb Code    18  stm32f10x_gpio.o(i.GPIO_ReadInputDataBit)
    GPIO_ResetBits                           0x080022d7   Thumb Code     4  stm32f10x_gpio.o(i.GPIO_ResetBits)
    GPIO_SetBits                             0x080022db   Thumb Code     4  stm32f10x_gpio.o(i.GPIO_SetBits)
    Get_ADC_BaseLine                         0x080022e1   Thumb Code    32  dwgl_function.o(i.Get_ADC_BaseLine)
    Get_PRO_State                            0x08002309   Thumb Code   372  dwgl_chipflash.o(i.Get_PRO_State)
    Goto_APP                                 0x0800249d   Thumb Code   120  dwgl_chipflash.o(i.Goto_APP)
    HardFault_Handler                        0x0800251d   Thumb Code     2  stm32f10x_it.o(i.HardFault_Handler)
    IWDG_Enable                              0x08002521   Thumb Code    10  stm32f10x_iwdg.o(i.IWDG_Enable)
    IWDG_Init                                0x08002531   Thumb Code    36  wdg.o(i.IWDG_Init)
    IWDG_ReloadCounter                       0x08002555   Thumb Code    10  stm32f10x_iwdg.o(i.IWDG_ReloadCounter)
    IWDG_SetPrescaler                        0x08002565   Thumb Code     6  stm32f10x_iwdg.o(i.IWDG_SetPrescaler)
    IWDG_SetReload                           0x08002571   Thumb Code     6  stm32f10x_iwdg.o(i.IWDG_SetReload)
    IWDG_WriteAccessCmd                      0x0800257d   Thumb Code     6  stm32f10x_iwdg.o(i.IWDG_WriteAccessCmd)
    LCD_Clear                                0x08002589   Thumb Code    56  dwgl_wb_lcd.o(i.LCD_Clear)
    LCD_Fill                                 0x080025c5   Thumb Code    80  dwgl_wb_lcd.o(i.LCD_Fill)
    LCD_IOConfig                             0x08002619   Thumb Code    72  dwgl_wb_lcd.o(i.LCD_IOConfig)
    LCD_Init                                 0x08002669   Thumb Code   848  dwgl_wb_lcd.o(i.LCD_Init)
    LCD_Init1                                0x080029c5   Thumb Code   848  dwgl_wb_lcd.o(i.LCD_Init1)
    LCD_TEST                                 0x08002d21   Thumb Code   416  dwgl_function.o(i.LCD_TEST)
    LCD_WindowMax                            0x08002ed1   Thumb Code    62  dwgl_wb_lcd.o(i.LCD_WindowMax)
    LCD_WriteRAM_Prepare                     0x08002f15   Thumb Code     8  dwgl_wb_lcd.o(i.LCD_WriteRAM_Prepare)
    LED_GPIO_Config                          0x08002f1d   Thumb Code   278  bsp_led.o(i.LED_GPIO_Config)
    MemManage_Handler                        0x0800304d   Thumb Code     2  stm32f10x_it.o(i.MemManage_Handler)
    NMI_Handler                              0x0800304f   Thumb Code     2  stm32f10x_it.o(i.NMI_Handler)
    NVIC_Configuration                       0x08003051   Thumb Code   124  dwgl_global.o(i.NVIC_Configuration)
    NVIC_Init                                0x080030cd   Thumb Code   102  misc.o(i.NVIC_Init)
    PendSV_Handler                           0x08003165   Thumb Code     2  stm32f10x_it.o(i.PendSV_Handler)
    RCC_ADCCLKConfig                         0x08003169   Thumb Code    18  stm32f10x_rcc.o(i.RCC_ADCCLKConfig)
    RCC_AHBPeriphClockCmd                    0x08003181   Thumb Code    26  stm32f10x_rcc.o(i.RCC_AHBPeriphClockCmd)
    RCC_APB1PeriphClockCmd                   0x080031a1   Thumb Code    26  stm32f10x_rcc.o(i.RCC_APB1PeriphClockCmd)
    RCC_APB1PeriphResetCmd                   0x080031c1   Thumb Code    26  stm32f10x_rcc.o(i.RCC_APB1PeriphResetCmd)
    RCC_APB2PeriphClockCmd                   0x080031e1   Thumb Code    26  stm32f10x_rcc.o(i.RCC_APB2PeriphClockCmd)
    RCC_APB2PeriphResetCmd                   0x08003201   Thumb Code    26  stm32f10x_rcc.o(i.RCC_APB2PeriphResetCmd)
    RCC_GetClocksFreq                        0x08003221   Thumb Code   192  stm32f10x_rcc.o(i.RCC_GetClocksFreq)
    RGB888_565                               0x080032f5   Thumb Code   494  dwgl_function.o(i.RGB888_565)
    SPI1_DMARecive                           0x080034f1   Thumb Code    46  dwgl_dma.o(i.SPI1_DMARecive)
    SPI1_IRQHandler                          0x08003529   Thumb Code    86  dwgl_spi.o(i.SPI1_IRQHandler)
    SPI1_Init                                0x08003599   Thumb Code   154  dwgl_spi.o(i.SPI1_Init)
    SPI2_IRQHandler                          0x0800363d   Thumb Code     2  dwgl_spi.o(i.SPI2_IRQHandler)
    SPI_Cmd                                  0x0800363f   Thumb Code    24  stm32f10x_spi.o(i.SPI_Cmd)
    SPI_Configuration                        0x08003659   Thumb Code    24  dwgl_spi.o(i.SPI_Configuration)
    SPI_I2S_ClearITPendingBit                0x08003681   Thumb Code    20  stm32f10x_spi.o(i.SPI_I2S_ClearITPendingBit)
    SPI_I2S_DeInit                           0x08003695   Thumb Code    76  stm32f10x_spi.o(i.SPI_I2S_DeInit)
    SPI_I2S_GetFlagStatus                    0x080036ed   Thumb Code    18  stm32f10x_spi.o(i.SPI_I2S_GetFlagStatus)
    SPI_I2S_GetITStatus                      0x080036ff   Thumb Code    52  stm32f10x_spi.o(i.SPI_I2S_GetITStatus)
    SPI_Init                                 0x08003733   Thumb Code    60  stm32f10x_spi.o(i.SPI_Init)
    SVC_Handler                              0x0800376f   Thumb Code     2  stm32f10x_it.o(i.SVC_Handler)
    SysTick_Handler                          0x08003855   Thumb Code    54  stm32f10x_it.o(i.SysTick_Handler)
    SysTick_Init                             0x080038a1   Thumb Code   104  bsp_systick.o(i.SysTick_Init)
    SystemInit                               0x08003915   Thumb Code    78  system_stm32f10x.o(i.SystemInit)
    TIM2_IRQHandler                          0x08003975   Thumb Code     2  dwgl_tim.o(i.TIM2_IRQHandler)
    TIM3_IRQHandler                          0x08003979   Thumb Code    48  dwgl_tim.o(i.TIM3_IRQHandler)
    TIM_ClearITPendingBit                    0x080039b9   Thumb Code     6  stm32f10x_tim.o(i.TIM_ClearITPendingBit)
    TIM_GetITStatus                          0x080039bf   Thumb Code    34  stm32f10x_tim.o(i.TIM_GetITStatus)
    TimingDelay_Decrement                    0x080039e1   Thumb Code    18  bsp_systick.o(i.TimingDelay_Decrement)
    UART1_Init                               0x080039f9   Thumb Code   130  dwgl_sci.o(i.UART1_Init)
    UART1_Send_Data                          0x08003a85   Thumb Code    92  dwgl_sci.o(i.UART1_Send_Data)
    UART3_Init                               0x08003af1   Thumb Code   148  dwgl_sci.o(i.UART3_Init)
    UART3_Send_Data                          0x08003b8d   Thumb Code    38  dwgl_sci.o(i.UART3_Send_Data)
    UART_Configuration                       0x08003bb9   Thumb Code    30  dwgl_sci.o(i.UART_Configuration)
    USART1_IRQHandler                        0x08003bf1   Thumb Code   100  dwgl_sci.o(i.USART1_IRQHandler)
    USART2_IRQHandler                        0x08003c6d   Thumb Code    94  dwgl_sci.o(i.USART2_IRQHandler)
    USART3_IRQHandler                        0x08003ce1   Thumb Code    92  dwgl_sci.o(i.USART3_IRQHandler)
    USART_ClearITPendingBit                  0x08003d51   Thumb Code    30  stm32f10x_usart.o(i.USART_ClearITPendingBit)
    USART_Cmd                                0x08003d6f   Thumb Code    24  stm32f10x_usart.o(i.USART_Cmd)
    USART_GetITStatus                        0x08003d87   Thumb Code    84  stm32f10x_usart.o(i.USART_GetITStatus)
    USART_ITConfig                           0x08003ddb   Thumb Code    74  stm32f10x_usart.o(i.USART_ITConfig)
    USART_Init                               0x08003e25   Thumb Code   210  stm32f10x_usart.o(i.USART_Init)
    UsageFault_Handler                       0x08003efd   Thumb Code     2  stm32f10x_it.o(i.UsageFault_Handler)
    Version_display                          0x08003f01   Thumb Code   102  dwgl_function.o(i.Version_display)
    __scatterload_copy                       0x08003f6d   Thumb Code    14  handlers.o(i.__scatterload_copy)
    __scatterload_null                       0x08003f7b   Thumb Code     2  handlers.o(i.__scatterload_null)
    __scatterload_zeroinit                   0x08003f7d   Thumb Code    14  handlers.o(i.__scatterload_zeroinit)
    cmd3_Get_State                           0x08003f8d   Thumb Code   180  dwgl_function.o(i.cmd3_Get_State)
    cmd3_Set_State                           0x08004051   Thumb Code   422  dwgl_function.o(i.cmd3_Set_State)
    cmd3_ShakeHands                          0x08004219   Thumb Code   152  dwgl_function.o(i.cmd3_ShakeHands)
    cmd_CHIP_PRO                             0x080042d1   Thumb Code   820  dwgl_function.o(i.cmd_CHIP_PRO)
    cmd_Device_num                           0x0800461d   Thumb Code   836  dwgl_function.o(i.cmd_Device_num)
    cmd_Erase_Flash                          0x08004989   Thumb Code     2  dwgl_function.o(i.cmd_Erase_Flash)
    cmd_File_Erase                           0x0800498d   Thumb Code   692  dwgl_function.o(i.cmd_File_Erase)
    cmd_File_Recall                          0x08004c69   Thumb Code  2128  dwgl_function.o(i.cmd_File_Recall)
    cmd_File_Requst                          0x080054b9   Thumb Code  5110  dwgl_function.o(i.cmd_File_Requst)
    cmd_File_Tx                              0x080068e1   Thumb Code   668  dwgl_function.o(i.cmd_File_Tx)
    cmd_Get_ADC                              0x08006ba1   Thumb Code   100  dwgl_function.o(i.cmd_Get_ADC)
    cmd_Get_Version                          0x08006c11   Thumb Code  1648  dwgl_function.o(i.cmd_Get_Version)
    cmd_Hub_Rst                              0x08007295   Thumb Code   672  dwgl_function.o(i.cmd_Hub_Rst)
    cmd_MediaCtrl                            0x08007555   Thumb Code   570  dwgl_function.o(i.cmd_MediaCtrl)
    cmd_PRO_Version                          0x080077b1   Thumb Code   254  dwgl_function.o(i.cmd_PRO_Version)
    cmd_RGB888_565                           0x080078c5   Thumb Code  1184  dwgl_function.o(i.cmd_RGB888_565)
    cmd_RGB_clear                            0x08007d75   Thumb Code   238  dwgl_function.o(i.cmd_RGB_clear)
    cmd_Read_Flash                           0x08007e6d   Thumb Code   100  dwgl_function.o(i.cmd_Read_Flash)
    cmd_Save_ADC                             0x08007edd   Thumb Code   390  dwgl_function.o(i.cmd_Save_ADC)
    cmd_Set_Version                          0x08008089   Thumb Code   562  dwgl_function.o(i.cmd_Set_Version)
    cmd_ShakeHands                           0x080082d9   Thumb Code   452  dwgl_function.o(i.cmd_ShakeHands)
    cmd_Write_Flash                          0x080084b5   Thumb Code   232  dwgl_function.o(i.cmd_Write_Flash)
    delay_cycle                              0x080085b1   Thumb Code    14  pm25lq512flash.o(i.delay_cycle)
    display_flash_BMP                        0x080085c1   Thumb Code   704  dwgl_tft.o(i.display_flash_BMP)
    display_flash_BMPE                       0x08008891   Thumb Code   818  dwgl_tft.o(i.display_flash_BMPE)
    main                                     0x08008bc9   Thumb Code  4188  main.o(i.main)
    tft_1bitdeep_TXT                         0x08009c79   Thumb Code   560  dwgl_tft.o(i.tft_1bitdeep_TXT)
    tft_Clear                                0x08009eb1   Thumb Code    56  dwgl_tft.o(i.tft_Clear)
    tft_DisplayStr                           0x08009ee9   Thumb Code   118  dwgl_tft.o(i.tft_DisplayStr)
    tft_ShowCharE                            0x08009f61   Thumb Code   142  dwgl_tft.o(i.tft_ShowCharE)
    tft_ShowHzE                              0x08009ff9   Thumb Code   196  dwgl_tft.o(i.tft_ShowHzE)
    tft_cs_disable                           0x0800a0c5   Thumb Code    38  dwgl_tft.o(i.tft_cs_disable)
    tft_cs_enable                            0x0800a0f1   Thumb Code    38  dwgl_tft.o(i.tft_cs_enable)
    uart1_cmd                                0x0800a11d   Thumb Code   616  main.o(i.uart1_cmd)
    uart3_cmd                                0x0800a3b1   Thumb Code   274  main.o(i.uart3_cmd)
    HzLib                                    0x0800a4dc   Data           1  asciilib_65k.o(.constdata)
    AsciiLib                                 0x0800a4dd   Data        1520  asciilib_65k.o(.constdata)
    Region$$Table$$Base                      0x0800aad0   Number         0  anon$$obj.o(Region$$Table)
    Region$$Table$$Limit                     0x0800aaf0   Number         0  anon$$obj.o(Region$$Table)
    SystemCoreClock                          0x20000000   Data           4  system_stm32f10x.o(.data)
    AHBPrescTable                            0x20000004   Data          16  system_stm32f10x.o(.data)
    time_sys                                 0x2000002c   Data           4  dwgl_global.o(.data)
    UART1_RXBUFFE_HEAD                       0x20000030   Data           2  dwgl_global.o(.data)
    UART1_RXBUFFE_LAST                       0x20000032   Data           2  dwgl_global.o(.data)
    AINx_ADCch                               0x20000034   Data          18  dwgl_global.o(.data)
    SF_REG                                   0x20000046   Data           1  dwgl_global.o(.data)
    Sine12bit                                0x20000048   Data          64  dwgl_global.o(.data)
    co_x                                     0x20000088   Data          20  dwgl_global.o(.data)
    co_y                                     0x2000009c   Data          20  dwgl_global.o(.data)
    xy_3                                     0x200000b0   Data          18  dwgl_global.o(.data)
    step                                     0x200000c2   Data           2  dwgl_global.o(.data)
    time_s                                   0x200000c4   Data           2  dwgl_global.o(.data)
    testcmd1_time                            0x200000c6   Data           2  dwgl_global.o(.data)
    testcmd3_time                            0x200000c8   Data           2  dwgl_global.o(.data)
    time_s_temp                              0x200000cc   Data           4  dwgl_global.o(.data)
    time_sys_temp1                           0x200000d0   Data           4  dwgl_global.o(.data)
    time_sys_temp2                           0x200000d4   Data           4  dwgl_global.o(.data)
    time_sys_temp3                           0x200000d8   Data           4  dwgl_global.o(.data)
    time_sys_temp4                           0x200000dc   Data           4  dwgl_global.o(.data)
    time_sys_temp5                           0x200000e0   Data           4  dwgl_global.o(.data)
    global_u8temp                            0x200000e4   Data           1  dwgl_global.o(.data)
    global_u8p                               0x200000e8   Data           4  dwgl_global.o(.data)
    global_u16temp                           0x200000ec   Data           2  dwgl_global.o(.data)
    global_u16p                              0x200000f0   Data           4  dwgl_global.o(.data)
    touch_flag                               0x200000f4   Data           1  dwgl_global.o(.data)
    time_uart1                               0x200000f8   Data           4  dwgl_global.o(.data)
    time_uart3                               0x200000fc   Data           4  dwgl_global.o(.data)
    Uport_PowerSetTime                       0x20000100   Data           4  dwgl_global.o(.data)
    Uport_PowerUseTime                       0x20000104   Data           4  dwgl_global.o(.data)
    Uport_PowerShowTime                      0x20000108   Data           4  dwgl_global.o(.data)
    Dport_State                              0x2000010c   Data           6  dwgl_global.o(.data)
    checking_portB                           0x20000112   Data           1  dwgl_global.o(.data)
    checking_portC                           0x20000113   Data           1  dwgl_global.o(.data)
    LOW_portB                                0x20000114   Data           1  dwgl_global.o(.data)
    LOW_portC                                0x20000115   Data           1  dwgl_global.o(.data)
    file_addr                                0x20000118   Data           4  dwgl_global.o(.data)
    Rfile_addr                               0x2000011c   Data           4  dwgl_global.o(.data)
    file_hook                                0x20000120   Data           1  dwgl_global.o(.data)
    file_wr                                  0x20000121   Data           1  dwgl_global.o(.data)
    file_id                                  0x20000122   Data           1  dwgl_global.o(.data)
    NextFileAddr                             0x20000124   Data           4  dwgl_global.o(.data)
    check_time                               0x20000128   Data           4  dwgl_global.o(.data)
    KEY_time                                 0x2000012c   Data           4  dwgl_global.o(.data)
    UART3_RXBUFFE_HEAD                       0x20000130   Data           2  dwgl_global.o(.data)
    UART3_RXBUFFE_LAST                       0x20000132   Data           2  dwgl_global.o(.data)
    GAIN_REG                                 0x20000134   Data           1  dwgl_global.o(.data)
    ADC1_Pointer                             0x20000138   Data           4  dwgl_adc.o(.data)
    ADC1_BufSize                             0x2000013c   Data           2  dwgl_adc.o(.data)
    ADC1_Length                              0x2000013e   Data           2  dwgl_adc.o(.data)
    ADC1_State                               0x20000140   Data           1  dwgl_adc.o(.data)
    ADC1_Error                               0x20000141   Data           1  dwgl_adc.o(.data)
    ADC1_Buffer                              0x20000142   Data           2  dwgl_adc.o(.data)
    ADC2_Pointer                             0x20000144   Data           4  dwgl_adc.o(.data)
    ADC2_BufSize                             0x20000148   Data           2  dwgl_adc.o(.data)
    ADC2_Length                              0x2000014a   Data           2  dwgl_adc.o(.data)
    ADC2_State                               0x2000014c   Data           1  dwgl_adc.o(.data)
    ADC2_Error                               0x2000014d   Data           1  dwgl_adc.o(.data)
    ADC2_Buffer                              0x2000014e   Data           2  dwgl_adc.o(.data)
    DMA1_Channel1_Pointer                    0x20000150   Data           4  dwgl_dma.o(.data)
    DMA1_Channel1_State                      0x20000154   Data           1  dwgl_dma.o(.data)
    DMA1_Channel1_Error                      0x20000155   Data           1  dwgl_dma.o(.data)
    DMA1_Channel1_Buffer                     0x20000158   Data           4  dwgl_dma.o(.data)
    DMA2_Channel1_Pointer                    0x2000015c   Data           4  dwgl_dma.o(.data)
    DMA2_Channel1_State                      0x20000160   Data           1  dwgl_dma.o(.data)
    DMA2_Channel1_Error                      0x20000161   Data           1  dwgl_dma.o(.data)
    DMA2_Channel1_Buffer                     0x20000164   Data           4  dwgl_dma.o(.data)
    TIM2_Pointer                             0x20000168   Data           4  dwgl_tim.o(.data)
    TIM2_State                               0x2000016c   Data           1  dwgl_tim.o(.data)
    TIM2_Error                               0x2000016d   Data           1  dwgl_tim.o(.data)
    TIM2_Buffer                              0x2000016e   Data           2  dwgl_tim.o(.data)
    TIM2_Counter                             0x20000170   Data           2  dwgl_tim.o(.data)
    TIM3_Pointer                             0x20000174   Data           4  dwgl_tim.o(.data)
    TIM3_State                               0x20000178   Data           1  dwgl_tim.o(.data)
    TIM3_Error                               0x20000179   Data           1  dwgl_tim.o(.data)
    TIM3_Buffer                              0x2000017a   Data           2  dwgl_tim.o(.data)
    TIM3_Counter                             0x2000017c   Data           2  dwgl_tim.o(.data)
    EXTI1_Pointer                            0x20000180   Data           4  dwgl_exti.o(.data)
    EXTI1_State                              0x20000184   Data           1  dwgl_exti.o(.data)
    EXTI1_Error                              0x20000185   Data           1  dwgl_exti.o(.data)
    EXTI1_Counter                            0x20000186   Data           2  dwgl_exti.o(.data)
    EXTI15_10_Pointer                        0x20000188   Data           4  dwgl_exti.o(.data)
    EXTI15_10_State                          0x2000018c   Data           1  dwgl_exti.o(.data)
    EXTI15_10_Error                          0x2000018d   Data           1  dwgl_exti.o(.data)
    EXTI15_10_Counter                        0x2000018e   Data           2  dwgl_exti.o(.data)
    UART1_Receive_BufSize                    0x20000190   Data           2  dwgl_sci.o(.data)
    UART1_Receive_Length                     0x20000192   Data           2  dwgl_sci.o(.data)
    UART1_Trans_Length                       0x20000194   Data           2  dwgl_sci.o(.data)
    UART2_Trans_Length                       0x20000196   Data           2  dwgl_sci.o(.data)
    UART3_Receive_BufSize                    0x20000198   Data           2  dwgl_sci.o(.data)
    UART3_Trans_BufSize                      0x2000019a   Data           2  dwgl_sci.o(.data)
    UART3_Trans_Length                       0x2000019c   Data           2  dwgl_sci.o(.data)
    UART1_Receive_Pointer                    0x200001a0   Data           4  dwgl_sci.o(.data)
    UART1_Trans_Pointer                      0x200001a4   Data           4  dwgl_sci.o(.data)
    UART1_Trans_BufSize                      0x200001a8   Data           2  dwgl_sci.o(.data)
    UART1_TX_State                           0x200001aa   Data           1  dwgl_sci.o(.data)
    UART1_RX_State                           0x200001ab   Data           1  dwgl_sci.o(.data)
    UART1_Error                              0x200001ac   Data           1  dwgl_sci.o(.data)
    UART2_Receive_Pointer                    0x200001b0   Data           4  dwgl_sci.o(.data)
    UART2_Receive_BufSize                    0x200001b4   Data           2  dwgl_sci.o(.data)
    UART2_Receive_Length                     0x200001b6   Data           2  dwgl_sci.o(.data)
    UART2_Trans_Pointer                      0x200001b8   Data           4  dwgl_sci.o(.data)
    UART2_Trans_BufSize                      0x200001bc   Data           2  dwgl_sci.o(.data)
    UART2_TX_State                           0x200001be   Data           1  dwgl_sci.o(.data)
    UART2_RX_State                           0x200001bf   Data           1  dwgl_sci.o(.data)
    UART2_Error                              0x200001c0   Data           1  dwgl_sci.o(.data)
    UART3_Receive_Pointer                    0x200001c4   Data           4  dwgl_sci.o(.data)
    UART3_Receive_Length                     0x200001c8   Data           2  dwgl_sci.o(.data)
    UART3_Trans_Pointer                      0x200001cc   Data           4  dwgl_sci.o(.data)
    UART3_TX_State                           0x200001d0   Data           1  dwgl_sci.o(.data)
    UART3_RX_State                           0x200001d1   Data           1  dwgl_sci.o(.data)
    UART3_Error                              0x200001d2   Data           1  dwgl_sci.o(.data)
    FLASH_u8temp                             0x200001d4   Data           1  pm25lq512flash.o(.data)
    FLASH_u16temp                            0x200001d6   Data           2  pm25lq512flash.o(.data)
    SPI1_Receive_Pointer                     0x200001d8   Data           4  dwgl_spi.o(.data)
    SPI1_Receive_BufSize                     0x200001dc   Data           2  dwgl_spi.o(.data)
    SPI1_Receive_Length                      0x200001de   Data           2  dwgl_spi.o(.data)
    SPI1_Trans_Pointer                       0x200001e0   Data           4  dwgl_spi.o(.data)
    SPI1_Trans_BufSize                       0x200001e4   Data           2  dwgl_spi.o(.data)
    SPI1_Trans_Length                        0x200001e6   Data           2  dwgl_spi.o(.data)
    SPI1_TX_State                            0x200001e8   Data           1  dwgl_spi.o(.data)
    SPI1_RX_State                            0x200001e9   Data           1  dwgl_spi.o(.data)
    SPI1_Error                               0x200001ea   Data           1  dwgl_spi.o(.data)
    SPI2_Receive_Pointer                     0x200001ec   Data           4  dwgl_spi.o(.data)
    SPI2_Receive_BufSize                     0x200001f0   Data           2  dwgl_spi.o(.data)
    SPI2_Receive_Length                      0x200001f2   Data           2  dwgl_spi.o(.data)
    SPI2_Trans_Pointer                       0x200001f4   Data           4  dwgl_spi.o(.data)
    SPI2_Trans_BufSize                       0x200001f8   Data           2  dwgl_spi.o(.data)
    SPI2_Trans_Length                        0x200001fa   Data           2  dwgl_spi.o(.data)
    SPI2_TX_State                            0x200001fc   Data           1  dwgl_spi.o(.data)
    SPI2_RX_State                            0x200001fd   Data           1  dwgl_spi.o(.data)
    SPI2_Error                               0x200001fe   Data           1  dwgl_spi.o(.data)
    g32_temp                                 0x20000200   Data           4  dwgl_tft.o(.data)
    g16_temp                                 0x20000204   Data           2  dwgl_tft.o(.data)
    AnsiChardata                             0x20000206   Data          32  dwgl_tft.o(.data)
    HZ_XZWM                                  0x20000226   Data           9  dwgl_tft.o(.data)
    HZ_SRFY                                  0x2000022f   Data           9  dwgl_tft.o(.data)
    KEEP_EN                                  0x20000238   Data           1  dwgl_chipflash.o(.data)
    base_add                                 0x2000023a   Data           2  dwgl_chipflash.o(.data)
    APP_EN                                   0x2000023c   Data           1  dwgl_chipflash.o(.data)
    PRO_State                                0x2000023d   Data           1  dwgl_chipflash.o(.data)
    jump2app                                 0x20000240   Data           4  dwgl_chipflash.o(.data)
    device                                   0x20000244   Data          36  dwgl_global.o(.bss)
    file_t                                   0x20000268   Data          18  dwgl_global.o(.bss)
    info2STR                                 0x2000027a   Data         171  dwgl_global.o(.bss)
    LCDC                                     0x20000326   Data          22  dwgl_global.o(.bss)
    global_u16BUFFER                         0x2000033c   Data         256  dwgl_global.o(.bss)
    global_u8BUFFER                          0x2000043c   Data         128  dwgl_global.o(.bss)
    str_buffer                               0x200004bc   Data        4100  dwgl_global.o(.bss)
    LCD1_TxtBuffer                           0x200014c0   Data        2050  dwgl_global.o(.bss)
    LCD2_TxtBuffer                           0x20001cc2   Data        2050  dwgl_global.o(.bss)
    Dport_PowerSetTime                       0x200024c4   Data          12  dwgl_global.o(.bss)
    Dport_PowerUseTime                       0x200024d0   Data          12  dwgl_global.o(.bss)
    UART_BUFFER                              0x200024dc   Data         128  dwgl_global.o(.bss)
    UART1_TXBUFFER                           0x2000255c   Data         128  dwgl_global.o(.bss)
    UART1_RXBUFFER                           0x200025dc   Data         512  dwgl_global.o(.bss)
    UART2_TXBUFFER                           0x200027dc   Data         128  dwgl_global.o(.bss)
    UART2_RXBUFFER                           0x2000285c   Data         128  dwgl_global.o(.bss)
    UART3_TXBUFFER                           0x200028dc   Data         128  dwgl_global.o(.bss)
    UART3_RXBUFFER                           0x2000295c   Data         128  dwgl_global.o(.bss)
    SPI_BUFFER                               0x200029dc   Data         128  dwgl_global.o(.bss)
    ADC_BUFFER                               0x20002a5c   Data         640  dwgl_global.o(.bss)
    ADC_Base0                                0x20002cdc   Data          36  dwgl_global.o(.bss)
    device_num                               0x20002d00   Data          20  dwgl_global.o(.bss)
    __initial_sp                             0x20003118   Data           0  startup_stm32f10x_hd.o(STACK)



==============================================================================

Memory Map of the image

  Image Entry point : 0x08000131

  Load Region LR_IROM1 (Base: 0x08000000, Size: 0x0000ad34, Max: 0x00060000, ABSOLUTE, COMPRESSED[0x0000abb0])

    Execution Region ER_IROM1 (Base: 0x08000000, Size: 0x0000aaf0, Max: 0x00060000, ABSOLUTE)

    Base Addr    Size         Type   Attr      Idx    E Section Name        Object

    0x08000000   0x00000130   Data   RO            3    RESET               startup_stm32f10x_hd.o
    0x08000130   0x00000000   Code   RO         4652  * .ARM.Collect$$$$00000000  mc_w.l(entry.o)
    0x08000130   0x00000004   Code   RO         4655    .ARM.Collect$$$$00000001  mc_w.l(entry2.o)
    0x08000134   0x00000004   Code   RO         4658    .ARM.Collect$$$$00000004  mc_w.l(entry5.o)
    0x08000138   0x00000000   Code   RO         4660    .ARM.Collect$$$$00000008  mc_w.l(entry7b.o)
    0x08000138   0x00000000   Code   RO         4662    .ARM.Collect$$$$0000000A  mc_w.l(entry8b.o)
    0x08000138   0x00000008   Code   RO         4663    .ARM.Collect$$$$0000000B  mc_w.l(entry9a.o)
    0x08000140   0x00000000   Code   RO         4665    .ARM.Collect$$$$0000000D  mc_w.l(entry10a.o)
    0x08000140   0x00000000   Code   RO         4667    .ARM.Collect$$$$0000000F  mc_w.l(entry11a.o)
    0x08000140   0x00000004   Code   RO         4656    .ARM.Collect$$$$00002712  mc_w.l(entry2.o)
    0x08000144   0x00000006   Code   RO         4588    .emb_text           dwgl_chipflash.o
    0x0800014a   0x00000002   PAD
    0x0800014c   0x00000024   Code   RO            4    .text               startup_stm32f10x_hd.o
    0x08000170   0x00000024   Code   RO         4669    .text               mc_w.l(init.o)
    0x08000194   0x0000005c   Code   RO         4679    .text               mc_w.l(__dczerorl2.o)
    0x080001f0   0x00000104   Code   RO         3763    i.ADC1_2_IRQHandler  dwgl_adc.o
    0x080002f4   0x000000c0   Code   RO         3764    i.ADC1_Init         dwgl_adc.o
    0x080003b4   0x0000000a   Code   RO          228    i.ADC_ClearITPendingBit  stm32f10x_adc.o
    0x080003be   0x00000016   Code   RO          229    i.ADC_Cmd           stm32f10x_adc.o
    0x080003d4   0x0000002c   Code   RO         3766    i.ADC_Configuration  dwgl_adc.o
    0x08000400   0x0000005c   Code   RO          231    i.ADC_DeInit        stm32f10x_adc.o
    0x0800045c   0x00000014   Code   RO          237    i.ADC_GetCalibrationStatus  stm32f10x_adc.o
    0x08000470   0x00000008   Code   RO          238    i.ADC_GetConversionValue  stm32f10x_adc.o
    0x08000478   0x00000024   Code   RO          241    i.ADC_GetITStatus   stm32f10x_adc.o
    0x0800049c   0x00000014   Code   RO          243    i.ADC_GetResetCalibrationStatus  stm32f10x_adc.o
    0x080004b0   0x00000018   Code   RO          246    i.ADC_ITConfig      stm32f10x_adc.o
    0x080004c8   0x00000050   Code   RO          247    i.ADC_Init          stm32f10x_adc.o
    0x08000518   0x000000b8   Code   RO          251    i.ADC_RegularChannelConfig  stm32f10x_adc.o
    0x080005d0   0x0000000a   Code   RO          252    i.ADC_ResetCalibration  stm32f10x_adc.o
    0x080005da   0x00000016   Code   RO          254    i.ADC_SoftwareStartConvCmd  stm32f10x_adc.o
    0x080005f0   0x0000000a   Code   RO          256    i.ADC_StartCalibration  stm32f10x_adc.o
    0x080005fa   0x00000002   Code   RO         3209    i.BusFault_Handler  stm32f10x_it.o
    0x080005fc   0x000002ac   Code   RO         4589    i.CHIP_PRO          dwgl_chipflash.o
    0x080008a8   0x000000f4   Code   RO         3376    i.ChargeCtrl_B      dwgl_function.o
    0x0800099c   0x000000f0   Code   RO         3377    i.ChargeCtrl_C      dwgl_function.o
    0x08000a8c   0x00000248   Code   RO         4590    i.Check_CHIP_PRO    dwgl_chipflash.o
    0x08000cd4   0x00000040   Code   RO         3799    i.DMA1_Channel1_IRQHandler  dwgl_dma.o
    0x08000d14   0x00000024   Code   RO         3801    i.DMA1_Channel2_IRQHandler  dwgl_dma.o
    0x08000d38   0x0000005c   Code   RO         3802    i.DMA1_Channel2_Init  dwgl_dma.o
    0x08000d94   0x0000001c   Code   RO          927    i.DMA_ClearFlag     stm32f10x_dma.o
    0x08000db0   0x00000018   Code   RO          929    i.DMA_Cmd           stm32f10x_dma.o
    0x08000dc8   0x00000010   Code   RO         3804    i.DMA_Configuration  dwgl_dma.o
    0x08000dd8   0x0000014c   Code   RO          930    i.DMA_DeInit        stm32f10x_dma.o
    0x08000f24   0x0000003c   Code   RO          935    i.DMA_Init          stm32f10x_dma.o
    0x08000f60   0x00000002   Code   RO         3210    i.DebugMon_Handler  stm32f10x_it.o
    0x08000f62   0x00000020   Code   RO         4242    i.Delay_10ms        dwgl_wb_lcd.o
    0x08000f82   0x00000002   PAD
    0x08000f84   0x00000028   Code   RO         3278    i.Delay_us          bsp_systick.o
    0x08000fac   0x00000004   Code   RO         3380    i.Device_Rst        dwgl_function.o
    0x08000fb0   0x000000bc   Code   RO         3381    i.DisplayADC_BL     dwgl_function.o
    0x0800106c   0x000000e4   Code   RO         4429    i.DisplayPROT_EWM   dwgl_tft.o
    0x08001150   0x00000060   Code   RO         3386    i.Dport_ChargeOFF   dwgl_function.o
    0x080011b0   0x00000060   Code   RO         3387    i.Dport_ChargeON    dwgl_function.o
    0x08001210   0x00000340   Code   RO         3389    i.Dport_ChargeStateB  dwgl_function.o
    0x08001550   0x00000344   Code   RO         3390    i.Dport_ChargeStateC  dwgl_function.o
    0x08001894   0x00000048   Code   RO         3895    i.EXTI15_10_IRQHandler  dwgl_exti.o
    0x080018dc   0x00000044   Code   RO         3897    i.EXTI1_IRQHandler  dwgl_exti.o
    0x08001920   0x0000001c   Code   RO         3211    i.EXTI4_IRQHandler  stm32f10x_it.o
    0x0800193c   0x0000000c   Code   RO         1000    i.EXTI_ClearITPendingBit  stm32f10x_exti.o
    0x08001948   0x00000028   Code   RO         1004    i.EXTI_GetITStatus  stm32f10x_exti.o
    0x08001970   0x00000020   Code   RO         4015    i.FLASH2_CSSelect   pm25lq512flash.o
    0x08001990   0x00000088   Code   RO         4110    i.FLASH2_GPIOSPI_IsBusy  dwgl_spi.o
    0x08001a18   0x000000e0   Code   RO         4111    i.FLASH2_GPIOSPI_Read  dwgl_spi.o
    0x08001af8   0x000000b8   Code   RO         4112    i.FLASH2_GPIOSPI_SE  dwgl_spi.o
    0x08001bb0   0x000000b8   Code   RO         4113    i.FLASH2_GPIOSPI_SER  dwgl_spi.o
    0x08001c68   0x000000cc   Code   RO         4114    i.FLASH2_GPIOSPI_Write  dwgl_spi.o
    0x08001d34   0x0000000c   Code   RO         1053    i.FLASH_ClearFlag   stm32f10x_flash.o
    0x08001d40   0x0000004c   Code   RO         1058    i.FLASH_ErasePage   stm32f10x_flash.o
    0x08001d8c   0x00000034   Code   RO         1059    i.FLASH_GetBank1Status  stm32f10x_flash.o
    0x08001dc0   0x00000014   Code   RO         1068    i.FLASH_Lock        stm32f10x_flash.o
    0x08001dd4   0x00000040   Code   RO         1071    i.FLASH_ProgramHalfWord  stm32f10x_flash.o
    0x08001e14   0x00000018   Code   RO         1076    i.FLASH_Unlock      stm32f10x_flash.o
    0x08001e2c   0x00000026   Code   RO         1080    i.FLASH_WaitForLastOperation  stm32f10x_flash.o
    0x08001e52   0x00000082   Code   RO         4243    i.FSMC_LCDInit      dwgl_wb_lcd.o
    0x08001ed4   0x00000034   Code   RO         1238    i.FSMC_NORSRAMCmd   stm32f10x_fsmc.o
    0x08001f08   0x000000e0   Code   RO         1240    i.FSMC_NORSRAMInit  stm32f10x_fsmc.o
    0x08001fe8   0x000000d4   Code   RO         3391    i.FiletoBuffer_ID   dwgl_function.o
    0x080020bc   0x0000005c   Code   RO         3392    i.Frame_check_cmd1  dwgl_function.o
    0x08002118   0x00000112   Code   RO         1353    i.GPIO_Init         stm32f10x_gpio.o
    0x0800222a   0x00000008   Code   RO         3333    i.GPIO_NegationBits  bsp_led.o
    0x08002232   0x00000002   PAD
    0x08002234   0x00000090   Code   RO         1355    i.GPIO_PinRemapConfig  stm32f10x_gpio.o
    0x080022c4   0x00000012   Code   RO         1357    i.GPIO_ReadInputDataBit  stm32f10x_gpio.o
    0x080022d6   0x00000004   Code   RO         1360    i.GPIO_ResetBits    stm32f10x_gpio.o
    0x080022da   0x00000004   Code   RO         1361    i.GPIO_SetBits      stm32f10x_gpio.o
    0x080022de   0x00000002   PAD
    0x080022e0   0x00000028   Code   RO         3393    i.Get_ADC_BaseLine  dwgl_function.o
    0x08002308   0x00000194   Code   RO         4591    i.Get_PRO_State     dwgl_chipflash.o
    0x0800249c   0x00000080   Code   RO         4592    i.Goto_APP          dwgl_chipflash.o
    0x0800251c   0x00000002   Code   RO         3212    i.HardFault_Handler  stm32f10x_it.o
    0x0800251e   0x00000002   PAD
    0x08002520   0x00000010   Code   RO         1665    i.IWDG_Enable       stm32f10x_iwdg.o
    0x08002530   0x00000024   Code   RO         4635    i.IWDG_Init         wdg.o
    0x08002554   0x00000010   Code   RO         1667    i.IWDG_ReloadCounter  stm32f10x_iwdg.o
    0x08002564   0x0000000c   Code   RO         1668    i.IWDG_SetPrescaler  stm32f10x_iwdg.o
    0x08002570   0x0000000c   Code   RO         1669    i.IWDG_SetReload    stm32f10x_iwdg.o
    0x0800257c   0x0000000c   Code   RO         1670    i.IWDG_WriteAccessCmd  stm32f10x_iwdg.o
    0x08002588   0x0000003c   Code   RO         4244    i.LCD_Clear         dwgl_wb_lcd.o
    0x080025c4   0x00000054   Code   RO         4253    i.LCD_Fill          dwgl_wb_lcd.o
    0x08002618   0x00000050   Code   RO         4255    i.LCD_IOConfig      dwgl_wb_lcd.o
    0x08002668   0x0000035c   Code   RO         4256    i.LCD_Init          dwgl_wb_lcd.o
    0x080029c4   0x0000035c   Code   RO         4257    i.LCD_Init1         dwgl_wb_lcd.o
    0x08002d20   0x000001b0   Code   RO         3396    i.LCD_TEST          dwgl_function.o
    0x08002ed0   0x00000044   Code   RO         4265    i.LCD_WindowMax     dwgl_wb_lcd.o
    0x08002f14   0x00000008   Code   RO         4266    i.LCD_WriteRAM_Prepare  dwgl_wb_lcd.o
    0x08002f1c   0x00000130   Code   RO         3334    i.LED_GPIO_Config   bsp_led.o
    0x0800304c   0x00000002   Code   RO         3213    i.MemManage_Handler  stm32f10x_it.o
    0x0800304e   0x00000002   Code   RO         3214    i.NMI_Handler       stm32f10x_it.o
    0x08003050   0x0000007c   Code   RO         3354    i.NVIC_Configuration  dwgl_global.o
    0x080030cc   0x00000074   Code   RO          183    i.NVIC_Init         misc.o
    0x08003140   0x00000024   Code   RO         3397    i.NVIC_SystemReset  dwgl_function.o
    0x08003164   0x00000002   Code   RO         3215    i.PendSV_Handler    stm32f10x_it.o
    0x08003166   0x00000002   PAD
    0x08003168   0x00000018   Code   RO         1770    i.RCC_ADCCLKConfig  stm32f10x_rcc.o
    0x08003180   0x00000020   Code   RO         1771    i.RCC_AHBPeriphClockCmd  stm32f10x_rcc.o
    0x080031a0   0x00000020   Code   RO         1772    i.RCC_APB1PeriphClockCmd  stm32f10x_rcc.o
    0x080031c0   0x00000020   Code   RO         1773    i.RCC_APB1PeriphResetCmd  stm32f10x_rcc.o
    0x080031e0   0x00000020   Code   RO         1774    i.RCC_APB2PeriphClockCmd  stm32f10x_rcc.o
    0x08003200   0x00000020   Code   RO         1775    i.RCC_APB2PeriphResetCmd  stm32f10x_rcc.o
    0x08003220   0x000000d4   Code   RO         1782    i.RCC_GetClocksFreq  stm32f10x_rcc.o
    0x080032f4   0x000001fc   Code   RO         3398    i.RGB888_565        dwgl_function.o
    0x080034f0   0x00000038   Code   RO         3805    i.SPI1_DMARecive    dwgl_dma.o
    0x08003528   0x00000070   Code   RO         4122    i.SPI1_IRQHandler   dwgl_spi.o
    0x08003598   0x000000a4   Code   RO         4123    i.SPI1_Init         dwgl_spi.o
    0x0800363c   0x00000002   Code   RO         4126    i.SPI2_IRQHandler   dwgl_spi.o
    0x0800363e   0x00000018   Code   RO         2257    i.SPI_Cmd           stm32f10x_spi.o
    0x08003656   0x00000002   PAD
    0x08003658   0x00000028   Code   RO         4129    i.SPI_Configuration  dwgl_spi.o
    0x08003680   0x00000014   Code   RO         2262    i.SPI_I2S_ClearITPendingBit  stm32f10x_spi.o
    0x08003694   0x00000058   Code   RO         2264    i.SPI_I2S_DeInit    stm32f10x_spi.o
    0x080036ec   0x00000012   Code   RO         2265    i.SPI_I2S_GetFlagStatus  stm32f10x_spi.o
    0x080036fe   0x00000034   Code   RO         2266    i.SPI_I2S_GetITStatus  stm32f10x_spi.o
    0x08003732   0x0000003c   Code   RO         2270    i.SPI_Init          stm32f10x_spi.o
    0x0800376e   0x00000002   Code   RO         3216    i.SVC_Handler       stm32f10x_it.o
    0x08003770   0x00000008   Code   RO           24    i.SetSysClock       system_stm32f10x.o
    0x08003778   0x000000dc   Code   RO           25    i.SetSysClockTo72   system_stm32f10x.o
    0x08003854   0x0000004c   Code   RO         3217    i.SysTick_Handler   stm32f10x_it.o
    0x080038a0   0x00000074   Code   RO         3279    i.SysTick_Init      bsp_systick.o
    0x08003914   0x00000060   Code   RO           27    i.SystemInit        system_stm32f10x.o
    0x08003974   0x00000002   Code   RO         3853    i.TIM2_IRQHandler   dwgl_tim.o
    0x08003976   0x00000002   PAD
    0x08003978   0x00000040   Code   RO         3856    i.TIM3_IRQHandler   dwgl_tim.o
    0x080039b8   0x00000006   Code   RO         2407    i.TIM_ClearITPendingBit  stm32f10x_tim.o
    0x080039be   0x00000022   Code   RO         2433    i.TIM_GetITStatus   stm32f10x_tim.o
    0x080039e0   0x00000018   Code   RO         3280    i.TimingDelay_Decrement  bsp_systick.o
    0x080039f8   0x0000008c   Code   RO         3938    i.UART1_Init        dwgl_sci.o
    0x08003a84   0x0000006c   Code   RO         3939    i.UART1_Send_Data   dwgl_sci.o
    0x08003af0   0x0000009c   Code   RO         3942    i.UART3_Init        dwgl_sci.o
    0x08003b8c   0x0000002c   Code   RO         3943    i.UART3_Send_Data   dwgl_sci.o
    0x08003bb8   0x00000038   Code   RO         3944    i.UART_Configuration  dwgl_sci.o
    0x08003bf0   0x0000007c   Code   RO         3945    i.USART1_IRQHandler  dwgl_sci.o
    0x08003c6c   0x00000074   Code   RO         3946    i.USART2_IRQHandler  dwgl_sci.o
    0x08003ce0   0x00000070   Code   RO         3947    i.USART3_IRQHandler  dwgl_sci.o
    0x08003d50   0x0000001e   Code   RO         2945    i.USART_ClearITPendingBit  stm32f10x_usart.o
    0x08003d6e   0x00000018   Code   RO         2948    i.USART_Cmd         stm32f10x_usart.o
    0x08003d86   0x00000054   Code   RO         2952    i.USART_GetITStatus  stm32f10x_usart.o
    0x08003dda   0x0000004a   Code   RO         2954    i.USART_ITConfig    stm32f10x_usart.o
    0x08003e24   0x000000d8   Code   RO         2955    i.USART_Init        stm32f10x_usart.o
    0x08003efc   0x00000002   Code   RO         3218    i.UsageFault_Handler  stm32f10x_it.o
    0x08003efe   0x00000002   PAD
    0x08003f00   0x0000006c   Code   RO         3400    i.Version_display   dwgl_function.o
    0x08003f6c   0x0000000e   Code   RO         4673    i.__scatterload_copy  mc_w.l(handlers.o)
    0x08003f7a   0x00000002   Code   RO         4674    i.__scatterload_null  mc_w.l(handlers.o)
    0x08003f7c   0x0000000e   Code   RO         4675    i.__scatterload_zeroinit  mc_w.l(handlers.o)
    0x08003f8a   0x00000002   PAD
    0x08003f8c   0x000000c4   Code   RO         3402    i.cmd3_Get_State    dwgl_function.o
    0x08004050   0x000001c8   Code   RO         3403    i.cmd3_Set_State    dwgl_function.o
    0x08004218   0x000000b8   Code   RO         3404    i.cmd3_ShakeHands   dwgl_function.o
    0x080042d0   0x0000034c   Code   RO         3405    i.cmd_CHIP_PRO      dwgl_function.o
    0x0800461c   0x0000036c   Code   RO         3408    i.cmd_Device_num    dwgl_function.o
    0x08004988   0x00000002   Code   RO         3409    i.cmd_Erase_Flash   dwgl_function.o
    0x0800498a   0x00000002   PAD
    0x0800498c   0x000002dc   Code   RO         3410    i.cmd_File_Erase    dwgl_function.o
    0x08004c68   0x00000850   Code   RO         3411    i.cmd_File_Recall   dwgl_function.o
    0x080054b8   0x00001428   Code   RO         3412    i.cmd_File_Requst   dwgl_function.o
    0x080068e0   0x000002c0   Code   RO         3413    i.cmd_File_Tx       dwgl_function.o
    0x08006ba0   0x00000070   Code   RO         3414    i.cmd_Get_ADC       dwgl_function.o
    0x08006c10   0x00000684   Code   RO         3415    i.cmd_Get_Version   dwgl_function.o
    0x08007294   0x000002c0   Code   RO         3416    i.cmd_Hub_Rst       dwgl_function.o
    0x08007554   0x0000025c   Code   RO         3417    i.cmd_MediaCtrl     dwgl_function.o
    0x080077b0   0x00000114   Code   RO         3418    i.cmd_PRO_Version   dwgl_function.o
    0x080078c4   0x000004b0   Code   RO         3422    i.cmd_RGB888_565    dwgl_function.o
    0x08007d74   0x000000f8   Code   RO         3423    i.cmd_RGB_clear     dwgl_function.o
    0x08007e6c   0x00000070   Code   RO         3424    i.cmd_Read_Flash    dwgl_function.o
    0x08007edc   0x000001ac   Code   RO         3425    i.cmd_Save_ADC      dwgl_function.o
    0x08008088   0x00000250   Code   RO         3426    i.cmd_Set_Version   dwgl_function.o
    0x080082d8   0x000001dc   Code   RO         3427    i.cmd_ShakeHands    dwgl_function.o
    0x080084b4   0x000000fc   Code   RO         3428    i.cmd_Write_Flash   dwgl_function.o
    0x080085b0   0x0000000e   Code   RO         4027    i.delay_cycle       pm25lq512flash.o
    0x080085be   0x00000002   PAD
    0x080085c0   0x000002d0   Code   RO         4431    i.display_flash_BMP  dwgl_tft.o
    0x08008890   0x00000338   Code   RO         4432    i.display_flash_BMPE  dwgl_tft.o
    0x08008bc8   0x000010b0   Code   RO         3181    i.main              main.o
    0x08009c78   0x00000238   Code   RO         4437    i.tft_1bitdeep_TXT  dwgl_tft.o
    0x08009eb0   0x00000038   Code   RO         4439    i.tft_Clear         dwgl_tft.o
    0x08009ee8   0x00000076   Code   RO         4440    i.tft_DisplayStr    dwgl_tft.o
    0x08009f5e   0x00000002   PAD
    0x08009f60   0x00000098   Code   RO         4442    i.tft_ShowCharE     dwgl_tft.o
    0x08009ff8   0x000000cc   Code   RO         4444    i.tft_ShowHzE       dwgl_tft.o
    0x0800a0c4   0x0000002c   Code   RO         4445    i.tft_cs_disable    dwgl_tft.o
    0x0800a0f0   0x0000002c   Code   RO         4446    i.tft_cs_enable     dwgl_tft.o
    0x0800a11c   0x00000294   Code   RO         3182    i.uart1_cmd         main.o
    0x0800a3b0   0x0000012c   Code   RO         3183    i.uart3_cmd         main.o
    0x0800a4dc   0x000005f1   Data   RO         4563    .constdata          asciilib_65k.o
    0x0800aacd   0x00000003   PAD
    0x0800aad0   0x00000020   Data   RO         4671    Region$$Table       anon$$obj.o


    Execution Region RW_IRAM1 (Base: 0x20000000, Size: 0x00003118, Max: 0x00010000, ABSOLUTE, COMPRESSED[0x000000c0])

    Base Addr    Size         Type   Attr      Idx    E Section Name        Object

    0x20000000   0x00000014   Data   RW           28    .data               system_stm32f10x.o
    0x20000014   0x00000014   Data   RW         1802    .data               stm32f10x_rcc.o
    0x20000028   0x00000004   Data   RW         3281    .data               bsp_systick.o
    0x2000002c   0x00000109   Data   RW         3356    .data               dwgl_global.o
    0x20000135   0x00000003   PAD
    0x20000138   0x00000018   Data   RW         3767    .data               dwgl_adc.o
    0x20000150   0x00000018   Data   RW         3806    .data               dwgl_dma.o
    0x20000168   0x00000016   Data   RW         3858    .data               dwgl_tim.o
    0x2000017e   0x00000002   PAD
    0x20000180   0x00000010   Data   RW         3900    .data               dwgl_exti.o
    0x20000190   0x00000043   Data   RW         3948    .data               dwgl_sci.o
    0x200001d3   0x00000001   PAD
    0x200001d4   0x00000004   Data   RW         4028    .data               pm25lq512flash.o
    0x200001d8   0x00000027   Data   RW         4130    .data               dwgl_spi.o
    0x200001ff   0x00000001   PAD
    0x20000200   0x00000038   Data   RW         4447    .data               dwgl_tft.o
    0x20000238   0x0000000c   Data   RW         4594    .data               dwgl_chipflash.o
    0x20000244   0x00002ad0   Zero   RW         3355    .bss                dwgl_global.o
    0x20002d14   0x00000004   PAD
    0x20002d18   0x00000400   Zero   RW            1    STACK               startup_stm32f10x_hd.o


==============================================================================

Image component sizes


      Code (inc. data)   RO Data    RW Data    ZI Data      Debug   Object Name

         0          0       1521          0          0        593   asciilib_65k.o
       312         26          0          0          0       1434   bsp_led.o
       180         22          0          4          0      17281   bsp_systick.o
         0          0          0          0          0       4216   core_cm3.o
       496         72          0         24          0       2610   dwgl_adc.o
      1806         74          0         12          0       4696   dwgl_chipflash.o
       264         50          0         24          0       3588   dwgl_dma.o
       140         20          0         16          0       1900   dwgl_exti.o
     21918        972          0          0          0      32197   dwgl_function.o
       124          0          0        265      10960       6506   dwgl_global.o
       856        132          0         67          0       6295   dwgl_sci.o
      1250         88          0         39          0       7010   dwgl_spi.o
      2958         64          0         56          0       9963   dwgl_tft.o
        66         16          0         22          0       1782   dwgl_tim.o
      2182         46          0          0          0       6088   dwgl_wb_lcd.o
      5232        394          0          0          0      19078   main.o
       116         14          0          0          0       1028   misc.o
        46          4          0          4          0       1361   pm25lq512flash.o
        36          8        304          0       1024        856   startup_stm32f10x_hd.o
       538         24          0          0          0       9811   stm32f10x_adc.o
       444         18          0          0          0       3950   stm32f10x_dma.o
        52         12          0          0          0       1120   stm32f10x_exti.o
       286         36          0          0          0       3908   stm32f10x_flash.o
       276          6          0          0          0       1821   stm32f10x_fsmc.o
       444          6          0          0          0       4466   stm32f10x_gpio.o
       120         26          0          0          0       4385   stm32f10x_it.o
        68         30          0          0          0       2470   stm32f10x_iwdg.o
       396         56          0         20          0       6695   stm32f10x_rcc.o
       262         12          0          0          0       4640   stm32f10x_spi.o
        40          0          0          0          0       1750   stm32f10x_tim.o
       428          6          0          0          0       5048   stm32f10x_usart.o
       324         26          0         20          0     290841   system_stm32f10x.o
        36          0          0          0          0        520   wdg.o

    ----------------------------------------------------------------------
     41720       2260       1860        580      11988     469907   Object Totals
         0          0         32          0          0          0   (incl. Generated)
        24          0          3          7          4          0   (incl. Padding)

    ----------------------------------------------------------------------

      Code (inc. data)   RO Data    RW Data    ZI Data      Debug   Library Member Name

        92          0          0          0          0          0   __dczerorl2.o
         0          0          0          0          0          0   entry.o
         0          0          0          0          0          0   entry10a.o
         0          0          0          0          0          0   entry11a.o
         8          4          0          0          0          0   entry2.o
         4          0          0          0          0          0   entry5.o
         0          0          0          0          0          0   entry7b.o
         0          0          0          0          0          0   entry8b.o
         8          4          0          0          0          0   entry9a.o
        30          0          0          0          0          0   handlers.o
        36          8          0          0          0         68   init.o

    ----------------------------------------------------------------------
       180         16          0          0          0         68   Library Totals
         2          0          0          0          0          0   (incl. Padding)

    ----------------------------------------------------------------------

      Code (inc. data)   RO Data    RW Data    ZI Data      Debug   Library Name

       178         16          0          0          0         68   mc_w.l

    ----------------------------------------------------------------------
       180         16          0          0          0         68   Library Totals

    ----------------------------------------------------------------------

==============================================================================


      Code (inc. data)   RO Data    RW Data    ZI Data      Debug   

     41900       2276       1860        580      11988     461135   Grand Totals
     41900       2276       1860        192      11988     461135   ELF Image Totals (compressed)
     41900       2276       1860        192          0          0   ROM Totals

==============================================================================

    Total RO  Size (Code + RO Data)                43760 (  42.73kB)
    Total RW  Size (RW Data + ZI Data)             12568 (  12.27kB)
    Total ROM Size (Code + RO Data + RW Data)      43952 (  42.92kB)

==============================================================================

